Component: ARM Compiler 5.06 update 6 (build 750) Tool: armlink [4d35ed]

==============================================================================

Section Cross References

    startup_stm32f103xb.o(RESET) refers to startup_stm32f103xb.o(STACK) for __initial_sp
    startup_stm32f103xb.o(RESET) refers to startup_stm32f103xb.o(.text) for Reset_Handler
    startup_stm32f103xb.o(RESET) refers to stm32f1xx_it.o(i.NMI_Handler) for NMI_Handler
    startup_stm32f103xb.o(RESET) refers to stm32f1xx_it.o(i.HardFault_Handler) for HardFault_Handler
    startup_stm32f103xb.o(RESET) refers to stm32f1xx_it.o(i.MemManage_Handler) for MemManage_Handler
    startup_stm32f103xb.o(RESET) refers to stm32f1xx_it.o(i.BusFault_Handler) for BusFault_Handler
    startup_stm32f103xb.o(RESET) refers to stm32f1xx_it.o(i.UsageFault_Handler) for UsageFault_Handler
    startup_stm32f103xb.o(RESET) refers to stm32f1xx_it.o(i.SVC_Handler) for SVC_Handler
    startup_stm32f103xb.o(RESET) refers to stm32f1xx_it.o(i.DebugMon_Handler) for DebugMon_Handler
    startup_stm32f103xb.o(RESET) refers to stm32f1xx_it.o(i.PendSV_Handler) for PendSV_Handler
    startup_stm32f103xb.o(RESET) refers to stm32f1xx_it.o(i.SysTick_Handler) for SysTick_Handler
    startup_stm32f103xb.o(.text) refers to system_stm32f1xx.o(i.SystemInit) for SystemInit
    startup_stm32f103xb.o(.text) refers to entry.o(.ARM.Collect$$$$00000000) for __main
    stm32f1xx_it.o(i.SysTick_Handler) refers to stm32f1xx_hal.o(i.HAL_IncTick) for HAL_IncTick
    stm32f1xx_it.o(i.SysTick_Handler) refers to stm32f1xx_hal_cortex.o(i.HAL_SYSTICK_IRQHandler) for HAL_SYSTICK_IRQHandler
    stm32f1xx_hal_msp.o(i.HAL_ADC_MspDeInit) refers to stm32f1xx_hal_gpio.o(i.HAL_GPIO_DeInit) for HAL_GPIO_DeInit
    stm32f1xx_hal_msp.o(i.HAL_ADC_MspInit) refers to stm32f1xx_hal_gpio.o(i.HAL_GPIO_Init) for HAL_GPIO_Init
    stm32f1xx_hal_msp.o(i.HAL_I2C_MspDeInit) refers to stm32f1xx_hal_gpio.o(i.HAL_GPIO_DeInit) for HAL_GPIO_DeInit
    stm32f1xx_hal_msp.o(i.HAL_I2C_MspInit) refers to stm32f1xx_hal_gpio.o(i.HAL_GPIO_Init) for HAL_GPIO_Init
    stm32f1xx_hal_msp.o(i.HAL_MspInit) refers to stm32f1xx_hal_cortex.o(i.HAL_NVIC_SetPriorityGrouping) for HAL_NVIC_SetPriorityGrouping
    stm32f1xx_hal_msp.o(i.HAL_MspInit) refers to stm32f1xx_hal_cortex.o(i.HAL_NVIC_SetPriority) for HAL_NVIC_SetPriority
    stm32f1xx_hal_msp.o(i.HAL_SPI_MspDeInit) refers to stm32f1xx_hal_gpio.o(i.HAL_GPIO_DeInit) for HAL_GPIO_DeInit
    stm32f1xx_hal_msp.o(i.HAL_SPI_MspInit) refers to stm32f1xx_hal_gpio.o(i.HAL_GPIO_Init) for HAL_GPIO_Init
    stm32f1xx_hal_msp.o(i.HAL_UART_MspDeInit) refers to stm32f1xx_hal_gpio.o(i.HAL_GPIO_DeInit) for HAL_GPIO_DeInit
    stm32f1xx_hal_msp.o(i.HAL_UART_MspInit) refers to stm32f1xx_hal_gpio.o(i.HAL_GPIO_Init) for HAL_GPIO_Init
    main.o(i.DHT22_start) refers to main.o(i.set_gpio_output) for set_gpio_output
    main.o(i.DHT22_start) refers to stm32f1xx_hal_gpio.o(i.HAL_GPIO_WritePin) for HAL_GPIO_WritePin
    main.o(i.DHT22_start) refers to main.o(i.delay_us) for delay_us
    main.o(i.DHT22_start) refers to main.o(i.set_gpio_input) for set_gpio_input
    main.o(i.MX_ADC1_Init) refers to stm32f1xx_hal_adc.o(i.HAL_ADC_Init) for HAL_ADC_Init
    main.o(i.MX_ADC1_Init) refers to stm32f1xx_hal_adc.o(i.HAL_ADC_ConfigChannel) for HAL_ADC_ConfigChannel
    main.o(i.MX_ADC1_Init) refers to main.o(.bss) for .bss
    main.o(i.MX_GPIO_Init) refers to stm32f1xx_hal_gpio.o(i.HAL_GPIO_WritePin) for HAL_GPIO_WritePin
    main.o(i.MX_GPIO_Init) refers to stm32f1xx_hal_gpio.o(i.HAL_GPIO_Init) for HAL_GPIO_Init
    main.o(i.MX_I2C1_Init) refers to stm32f1xx_hal_i2c.o(i.HAL_I2C_Init) for HAL_I2C_Init
    main.o(i.MX_I2C1_Init) refers to main.o(.bss) for .bss
    main.o(i.MX_SPI1_Init) refers to stm32f1xx_hal_spi_ex.o(i.HAL_SPI_Init) for HAL_SPI_Init
    main.o(i.MX_SPI1_Init) refers to main.o(.bss) for .bss
    main.o(i.MX_TIM1_Init) refers to stm32f1xx_hal_tim.o(i.HAL_TIM_Base_Init) for HAL_TIM_Base_Init
    main.o(i.MX_TIM1_Init) refers to stm32f1xx_hal_tim.o(i.HAL_TIM_ConfigClockSource) for HAL_TIM_ConfigClockSource
    main.o(i.MX_TIM1_Init) refers to stm32f1xx_hal_tim_ex.o(i.HAL_TIMEx_MasterConfigSynchronization) for HAL_TIMEx_MasterConfigSynchronization
    main.o(i.MX_TIM1_Init) refers to main.o(.bss) for .bss
    main.o(i.SystemClock_Config) refers to stm32f1xx_hal_rcc.o(i.HAL_RCC_OscConfig) for HAL_RCC_OscConfig
    main.o(i.SystemClock_Config) refers to stm32f1xx_hal_rcc.o(i.HAL_RCC_ClockConfig) for HAL_RCC_ClockConfig
    main.o(i.SystemClock_Config) refers to stm32f1xx_hal_rcc_ex.o(i.HAL_RCCEx_PeriphCLKConfig) for HAL_RCCEx_PeriphCLKConfig
    main.o(i.SystemClock_Config) refers to stm32f1xx_hal_rcc.o(i.HAL_RCC_GetHCLKFreq) for HAL_RCC_GetHCLKFreq
    main.o(i.SystemClock_Config) refers to stm32f1xx_hal_cortex.o(i.HAL_SYSTICK_Config) for HAL_SYSTICK_Config
    main.o(i.SystemClock_Config) refers to stm32f1xx_hal_cortex.o(i.HAL_SYSTICK_CLKSourceConfig) for HAL_SYSTICK_CLKSourceConfig
[...]
    ../Drivers/STM32F1xx_HAL_Driver/Src/stm32f1xx_hal_dma.c 0x00000000   Number         0  stm32f1xx_hal_dma.o ABSOLUTE
    ../Drivers/STM32F1xx_HAL_Driver/Src/stm32f1xx_hal_flash.c 0x00000000   Number         0  stm32f1xx_hal_flash.o ABSOLUTE
    ../Drivers/STM32F1xx_HAL_Driver/Src/stm32f1xx_hal_flash_ex.c 0x00000000   Number         0  stm32f1xx_hal_flash_ex.o ABSOLUTE
    ../Drivers/STM32F1xx_HAL_Driver/Src/stm32f1xx_hal_gpio.c 0x00000000   Number         0  stm32f1xx_hal_gpio.o ABSOLUTE
    ../Drivers/STM32F1xx_HAL_Driver/Src/stm32f1xx_hal_gpio_ex.c 0x00000000   Number         0  stm32f1xx_hal_gpio_ex.o ABSOLUTE
    ../Drivers/STM32F1xx_HAL_Driver/Src/stm32f1xx_hal_i2c.c 0x00000000   Number         0  stm32f1xx_hal_i2c.o ABSOLUTE
    ../Drivers/STM32F1xx_HAL_Driver/Src/stm32f1xx_hal_pwr.c 0x00000000   Number         0  stm32f1xx_hal_pwr.o ABSOLUTE
    ../Drivers/STM32F1xx_HAL_Driver/Src/stm32f1xx_hal_rcc.c 0x00000000   Number         0  stm32f1xx_hal_rcc.o ABSOLUTE
    ../Drivers/STM32F1xx_HAL_Driver/Src/stm32f1xx_hal_rcc_ex.c 0x00000000   Number         0  stm32f1xx_hal_rcc_ex.o ABSOLUTE
    ../Drivers/STM32F1xx_HAL_Driver/Src/stm32f1xx_hal_spi.c 0x00000000   Number         0  stm32f1xx_hal_spi.o ABSOLUTE
    ../Drivers/STM32F1xx_HAL_Driver/Src/stm32f1xx_hal_spi_ex.c 0x00000000   Number         0  stm32f1xx_hal_spi_ex.o ABSOLUTE
    ../Drivers/STM32F1xx_HAL_Driver/Src/stm32f1xx_hal_tim.c 0x00000000   Number         0  stm32f1xx_hal_tim.o ABSOLUTE
    ../Drivers/STM32F1xx_HAL_Driver/Src/stm32f1xx_hal_tim_ex.c 0x00000000   Number         0  stm32f1xx_hal_tim_ex.o ABSOLUTE
    ../Drivers/STM32F1xx_HAL_Driver/Src/stm32f1xx_hal_uart.c 0x00000000   Number         0  stm32f1xx_hal_uart.o ABSOLUTE
    ../Src/main.c                            0x00000000   Number         0  main.o ABSOLUTE
    ../Src/stm32f1xx_hal_msp.c               0x00000000   Number         0  stm32f1xx_hal_msp.o ABSOLUTE
    ../Src/stm32f1xx_it.c                    0x00000000   Number         0  stm32f1xx_it.o ABSOLUTE
    ../Src/system_stm32f1xx.c                0x00000000   Number         0  system_stm32f1xx.o ABSOLUTE
    ../clib/microlib/division.c              0x00000000   Number         0  uldiv.o ABSOLUTE
    ../clib/microlib/division.c              0x00000000   Number         0  uidiv.o ABSOLUTE
    ../clib/microlib/division.c              0x00000000   Number         0  ldiv.o ABSOLUTE
    ../clib/microlib/errno.c                 0x00000000   Number         0  errno.o ABSOLUTE
    ../clib/microlib/init/entry.s            0x00000000   Number         0  entry.o ABSOLUTE
    ../clib/microlib/init/entry.s            0x00000000   Number         0  entry2.o ABSOLUTE
    ../clib/microlib/init/entry.s            0x00000000   Number         0  entry11b.o ABSOLUTE
    ../clib/microlib/init/entry.s            0x00000000   Number         0  entry11a.o ABSOLUTE
    ../clib/microlib/init/entry.s            0x00000000   Number         0  entry10a.o ABSOLUTE
    ../clib/microlib/init/entry.s            0x00000000   Number         0  entry9b.o ABSOLUTE
    ../clib/microlib/init/entry.s            0x00000000   Number         0  entry9a.o ABSOLUTE
    ../clib/microlib/init/entry.s            0x00000000   Number         0  entry8b.o ABSOLUTE
    ../clib/microlib/init/entry.s            0x00000000   Number         0  entry8a.o ABSOLUTE
    ../clib/microlib/init/entry.s            0x00000000   Number         0  entry7b.o ABSOLUTE
    ../clib/microlib/init/entry.s            0x00000000   Number         0  entry7a.o ABSOLUTE
    ../clib/microlib/init/entry.s            0x00000000   Number         0  entry5.o ABSOLUTE
    ../clib/microlib/init/entry.s            0x00000000   Number         0  entry10b.o ABSOLUTE
    ../clib/microlib/longlong.c              0x00000000   Number         0  llushr.o ABSOLUTE
    ../clib/microlib/longlong.c              0x00000000   Number         0  llshl.o ABSOLUTE
    ../clib/microlib/longlong.c              0x00000000   Number         0  llsshr.o ABSOLUTE
    ../clib/microlib/printf/printf.c         0x00000000   Number         0  printf0.o ABSOLUTE
    ../clib/microlib/printf/printf.c         0x00000000   Number         0  printfa.o ABSOLUTE
    ../clib/microlib/printf/printf.c         0x00000000   Number         0  printf8.o ABSOLUTE
    ../clib/microlib/printf/printf.c         0x00000000   Number         0  printf7.o ABSOLUTE
    ../clib/microlib/printf/printf.c         0x00000000   Number         0  printf6.o ABSOLUTE
    ../clib/microlib/printf/printf.c         0x00000000   Number         0  printfb.o ABSOLUTE
    ../clib/microlib/printf/printf.c         0x00000000   Number         0  printf5.o ABSOLUTE
    ../clib/microlib/printf/printf.c         0x00000000   Number         0  printf4.o ABSOLUTE
    ../clib/microlib/printf/printf.c         0x00000000   Number         0  printf3.o ABSOLUTE
    ../clib/microlib/printf/printf.c         0x00000000   Number         0  printf2.o ABSOLUTE
    ../clib/microlib/printf/printf.c         0x00000000   Number         0  printf1.o ABSOLUTE
    ../clib/microlib/printf/stubs.s          0x00000000   Number         0  stubs.o ABSOLUTE
    ../clib/microlib/stdio/fputc.c           0x00000000   Number         0  fputc.o ABSOLUTE
    ../clib/microlib/stdio/semi.s            0x00000000   Number         0  semi.o ABSOLUTE
    ../clib/microlib/stdio/streams.c         0x00000000   Number         0  stdout.o ABSOLUTE
    ../clib/microlib/stubs.s                 0x00000000   Number         0  iusesemip.o ABSOLUTE
    ../clib/microlib/stubs.s                 0x00000000   Number         0  iusefp.o ABSOLUTE
    ../fplib/microlib/d2f.c                  0x00000000   Number         0  d2f.o ABSOLUTE
    ../fplib/microlib/f2d.c                  0x00000000   Number         0  f2d.o ABSOLUTE
    ../fplib/microlib/fpadd.c                0x00000000   Number         0  dadd.o ABSOLUTE
    ../fplib/microlib/fpdiv.c                0x00000000   Number         0  fdiv.o ABSOLUTE
    ../fplib/microlib/fpdiv.c                0x00000000   Number         0  ddiv.o ABSOLUTE
    ../fplib/microlib/fpepilogue.c           0x00000000   Number         0  fepilogue.o ABSOLUTE
    ../fplib/microlib/fpepilogue.c           0x00000000   Number         0  depilogue.o ABSOLUTE
    ../fplib/microlib/fpfix.c                0x00000000   Number         0  dfixul.o ABSOLUTE
    ../fplib/microlib/fpflt.c                0x00000000   Number         0  dfltui.o ABSOLUTE
    ../fplib/microlib/fpflt.c                0x00000000   Number         0  ffltui.o ABSOLUTE
    ../fplib/microlib/fpflt.c                0x00000000   Number         0  dflti.o ABSOLUTE
    ../fplib/microlib/fpflt.c                0x00000000   Number         0  fflti.o ABSOLUTE
    ../fplib/microlib/fpmul.c                0x00000000   Number         0  dmul.o ABSOLUTE
    ../fplib/microlib/fpscalb.c              0x00000000   Number         0  fscalb.o ABSOLUTE
    ../fplib/microlib/fpscalb.c              0x00000000   Number         0  dscalb.o ABSOLUTE
    ../fplib/microlib/fpsqrt.c               0x00000000   Number         0  dsqrt.o ABSOLUTE
    ../mathlib/dunder.c                      0x00000000   Number         0  dunder.o ABSOLUTE
    ../mathlib/fpclassify.c                  0x00000000   Number         0  fpclassify.o ABSOLUTE
    ../mathlib/poly.c                        0x00000000   Number         0  poly.o ABSOLUTE
    ../mathlib/pow.c                         0x00000000   Number         0  pow.o ABSOLUTE
    ../mathlib/pow.c                         0x00000000   Number         0  pow_x.o ABSOLUTE
    ../mathlib/qnan.c                        0x00000000   Number         0  qnan.o ABSOLUTE
    ../mathlib/sqrt.c                        0x00000000   Number         0  sqrt_x.o ABSOLUTE
    ../mathlib/sqrt.c                        0x00000000   Number         0  sqrt.o ABSOLUTE
    ..\Drivers\STM32F1xx_HAL_Driver\Src\stm32f1xx_hal.c 0x00000000   Number         0  stm32f1xx_hal.o ABSOLUTE
    ..\Drivers\STM32F1xx_HAL_Driver\Src\stm32f1xx_hal_adc.c 0x00000000   Number         0  stm32f1xx_hal_adc.o ABSOLUTE
    ..\Drivers\STM32F1xx_HAL_Driver\Src\stm32f1xx_hal_adc_ex.c 0x00000000   Number         0  stm32f1xx_hal_adc_ex.o ABSOLUTE
    ..\Drivers\STM32F1xx_HAL_Driver\Src\stm32f1xx_hal_cortex.c 0x00000000   Number         0  stm32f1xx_hal_cortex.o ABSOLUTE
    ..\Drivers\STM32F1xx_HAL_Driver\Src\stm32f1xx_hal_dma.c 0x00000000   Number         0  stm32f1xx_hal_dma.o ABSOLUTE
    ..\Drivers\STM32F1xx_HAL_Driver\Src\stm32f1xx_hal_flash.c 0x00000000   Number         0  stm32f1xx_hal_flash.o ABSOLUTE
    ..\Drivers\STM32F1xx_HAL_Driver\Src\stm32f1xx_hal_flash_ex.c 0x00000000   Number         0  stm32f1xx_hal_flash_ex.o ABSOLUTE
    ..\Drivers\STM32F1xx_HAL_Driver\Src\stm32f1xx_hal_gpio.c 0x00000000   Number         0  stm32f1xx_hal_gpio.o ABSOLUTE
    ..\Drivers\STM32F1xx_HAL_Driver\Src\stm32f1xx_hal_gpio_ex.c 0x00000000   Number         0  stm32f1xx_hal_gpio_ex.o ABSOLUTE
    ..\Drivers\STM32F1xx_HAL_Driver\Src\stm32f1xx_hal_i2c.c 0x00000000   Number         0  stm32f1xx_hal_i2c.o ABSOLUTE
    ..\Drivers\STM32F1xx_HAL_Driver\Src\stm32f1xx_hal_pwr.c 0x00000000   Number         0  stm32f1xx_hal_pwr.o ABSOLUTE
    ..\Drivers\STM32F1xx_HAL_Driver\Src\stm32f1xx_hal_rcc.c 0x00000000   Number         0  stm32f1xx_hal_rcc.o ABSOLUTE
    ..\Drivers\STM32F1xx_HAL_Driver\Src\stm32f1xx_hal_rcc_ex.c 0x00000000   Number         0  stm32f1xx_hal_rcc_ex.o ABSOLUTE
    ..\Drivers\STM32F1xx_HAL_Driver\Src\stm32f1xx_hal_spi.c 0x00000000   Number         0  stm32f1xx_hal_spi.o ABSOLUTE
    ..\Drivers\STM32F1xx_HAL_Driver\Src\stm32f1xx_hal_spi_ex.c 0x00000000   Number         0  stm32f1xx_hal_spi_ex.o ABSOLUTE
    ..\Drivers\STM32F1xx_HAL_Driver\Src\stm32f1xx_hal_tim.c 0x00000000   Number         0  stm32f1xx_hal_tim.o ABSOLUTE
    ..\Drivers\STM32F1xx_HAL_Driver\Src\stm32f1xx_hal_tim_ex.c 0x00000000   Number         0  stm32f1xx_hal_tim_ex.o ABSOLUTE
    ..\Drivers\STM32F1xx_HAL_Driver\Src\stm32f1xx_hal_uart.c 0x00000000   Number         0  stm32f1xx_hal_uart.o ABSOLUTE
    ..\Src\bmp280.c                          0x00000000   Number         0  bmp280.o ABSOLUTE
    ..\Src\main.c                            0x00000000   Number         0  main.o ABSOLUTE
    ..\Src\mainApp.c                         0x00000000   Number         0  mainapp.o ABSOLUTE
    ..\Src\spi.c                             0x00000000   Number         0  spi.o ABSOLUTE
    ..\Src\stm32f1xx_hal_msp.c               0x00000000   Number         0  stm32f1xx_hal_msp.o ABSOLUTE
    ..\Src\stm32f1xx_it.c                    0x00000000   Number         0  stm32f1xx_it.o ABSOLUTE
    ..\Src\sx1276_7_8.c                      0x00000000   Number         0  sx1276_7_8.o ABSOLUTE
    ..\Src\system_stm32f1xx.c                0x00000000   Number         0  system_stm32f1xx.o ABSOLUTE
    ..\\Src\\bmp280.c                        0x00000000   Number         0  bmp280.o ABSOLUTE
    ..\\Src\\mainApp.c                       0x00000000   Number         0  mainapp.o ABSOLUTE
    ..\\Src\\spi.c                           0x00000000   Number         0  spi.o ABSOLUTE
    ..\\Src\\sx1276_7_8.c                    0x00000000   Number         0  sx1276_7_8.o ABSOLUTE
    cdcmple.s                                0x00000000   Number         0  cdcmple.o ABSOLUTE
    cdrcmple.s                               0x00000000   Number         0  cdrcmple.o ABSOLUTE
    dc.s                                     0x00000000   Number         0  dc.o ABSOLUTE
    handlers.s                               0x00000000   Number         0  handlers.o ABSOLUTE
    init.s                                   0x00000000   Number         0  init.o ABSOLUTE
    startup_stm32f103xb.s                    0x00000000   Number         0  startup_stm32f103xb.o ABSOLUTE
    RESET                                    0x08000000   Section      236  startup_stm32f103xb.o(RESET)
    .ARM.Collect$$$$00000000                 0x080000ec   Section        0  entry.o(.ARM.Collect$$$$00000000)
    .ARM.Collect$$$$00000001                 0x080000ec   Section        4  entry2.o(.ARM.Collect$$$$00000001)
    .ARM.Collect$$$$00000004                 0x080000f0   Section        4  entry5.o(.ARM.Collect$$$$00000004)
    .ARM.Collect$$$$00000008                 0x080000f4   Section        0  entry7b.o(.ARM.Collect$$$$00000008)
    .ARM.Collect$$$$0000000A                 0x080000f4   Section        0  entry8b.o(.ARM.Collect$$$$0000000A)
    .ARM.Collect$$$$0000000B                 0x080000f4   Section        8  entry9a.o(.ARM.Collect$$$$0000000B)
    .ARM.Collect$$$$0000000D                 0x080000fc   Section        0  entry10a.o(.ARM.Collect$$$$0000000D)
    .ARM.Collect$$$$0000000F                 0x080000fc   Section        0  entry11a.o(.ARM.Collect$$$$0000000F)
    .ARM.Collect$$$$00002712                 0x080000fc   Section        4  entry2.o(.ARM.Collect$$$$00002712)
    __lit__00000000                          0x080000fc   Data           4  entry2.o(.ARM.Collect$$$$00002712)
    .text                                    0x08000100   Section       36  startup_stm32f103xb.o(.text)
    .text                                    0x08000124   Section        0  ldiv.o(.text)
    .text                                    0x08000186   Section        0  llushr.o(.text)
    .text                                    0x080001a6   Section        0  fdiv.o(.text)
    .text                                    0x08000222   Section        0  fscalb.o(.text)
    .text                                    0x0800023a   Section        0  dadd.o(.text)
    .text                                    0x08000388   Section        0  dmul.o(.text)
    .text                                    0x0800046c   Section        0  ddiv.o(.text)
    .text                                    0x0800054a   Section        0  fflti.o(.text)
    .text                                    0x0800055c   Section        0  ffltui.o(.text)
    .text                                    0x08000566   Section        0  dfltui.o(.text)
    .text                                    0x08000580   Section        0  f2d.o(.text)
    .text                                    0x080005a6   Section        0  d2f.o(.text)
    .text                                    0x080005de   Section        0  uidiv.o(.text)
    .text                                    0x0800060a   Section        0  uldiv.o(.text)
    .text                                    0x0800066c   Section        0  llshl.o(.text)
    .text                                    0x0800068a   Section        0  llsshr.o(.text)
    .text                                    0x080006ae   Section        0  iusefp.o(.text)
    .text                                    0x080006ae   Section        0  fepilogue.o(.text)
    .text                                    0x0800071c   Section        0  depilogue.o(.text)
    .text                                    0x080007d6   Section        0  dscalb.o(.text)
    .text                                    0x08000804   Section        0  dflti.o(.text)
    .text                                    0x08000826   Section        0  dfixul.o(.text)
    .text                                    0x08000858   Section       48  cdrcmple.o(.text)
    .text                                    0x08000888   Section       36  init.o(.text)
    .text                                    0x080008ac   Section        0  dsqrt.o(.text)
    i.ADC_ConversionStop_Disable             0x08000950   Section        0  stm32f1xx_hal_adc.o(i.ADC_ConversionStop_Disable)
    i.ADC_Enable                             0x0800099c   Section        0  stm32f1xx_hal_adc.o(i.ADC_Enable)
    i.BurstWrite                             0x08000a0c   Section        0  spi.o(i.BurstWrite)
    i.BusFault_Handler                       0x08000a58   Section        0  stm32f1xx_it.o(i.BusFault_Handler)
    i.DHT22_start                            0x08000a5c   Section        0  main.o(i.DHT22_start)
    i.DebugMon_Handler                       0x08000a94   Section        0  stm32f1xx_it.o(i.DebugMon_Handler)
    i.HAL_ADC_ConfigChannel                  0x08000a98   Section        0  stm32f1xx_hal_adc.o(i.HAL_ADC_ConfigChannel)
    i.HAL_ADC_GetValue                       0x08000b94   Section        0  stm32f1xx_hal_adc.o(i.HAL_ADC_GetValue)
    i.HAL_ADC_Init                           0x08000b9c   Section        0  stm32f1xx_hal_adc.o(i.HAL_ADC_Init)
    i.HAL_ADC_MspInit                        0x08000cb8   Section        0  stm32f1xx_hal_msp.o(i.HAL_ADC_MspInit)
    i.HAL_ADC_PollForConversion              0x08000cf8   Section        0  stm32f1xx_hal_adc.o(i.HAL_ADC_PollForConversion)
    i.HAL_ADC_Start                          0x08000e28   Section        0  stm32f1xx_hal_adc.o(i.HAL_ADC_Start)
    i.HAL_ADC_Stop                           0x08000ee8   Section        0  stm32f1xx_hal_adc.o(i.HAL_ADC_Stop)
    i.HAL_Delay                              0x08000f1c   Section        0  stm32f1xx_hal.o(i.HAL_Delay)
    i.HAL_GPIO_Init                          0x08000f40   Section        0  stm32f1xx_hal_gpio.o(i.HAL_GPIO_Init)
    i.HAL_GPIO_ReadPin                       0x080010fc   Section        0  stm32f1xx_hal_gpio.o(i.HAL_GPIO_ReadPin)
    i.HAL_GPIO_WritePin                      0x08001106   Section        0  stm32f1xx_hal_gpio.o(i.HAL_GPIO_WritePin)
    i.HAL_GetTick                            0x08001110   Section        0  stm32f1xx_hal.o(i.HAL_GetTick)
    i.HAL_I2C_Init                           0x0800111c   Section        0  stm32f1xx_hal_i2c.o(i.HAL_I2C_Init)
    i.HAL_I2C_Mem_Read                       0x0800125c   Section        0  stm32f1xx_hal_i2c.o(i.HAL_I2C_Mem_Read)
    i.HAL_I2C_Mem_Write                      0x0800147c   Section        0  stm32f1xx_hal_i2c.o(i.HAL_I2C_Mem_Write)
    i.HAL_I2C_MspInit                        0x080015b8   Section        0  stm32f1xx_hal_msp.o(i.HAL_I2C_MspInit)
    i.HAL_IncTick                            0x080015fc   Section        0  stm32f1xx_hal.o(i.HAL_IncTick)
    i.HAL_Init                               0x0800160c   Section        0  stm32f1xx_hal.o(i.HAL_Init)
    i.HAL_InitTick                           0x08001630   Section        0  stm32f1xx_hal.o(i.HAL_InitTick)
    i.HAL_MspInit                            0x08001670   Section        0  stm32f1xx_hal_msp.o(i.HAL_MspInit)
    i.HAL_NVIC_SetPriority                   0x080016f0   Section        0  stm32f1xx_hal_cortex.o(i.HAL_NVIC_SetPriority)
    i.HAL_NVIC_SetPriorityGrouping           0x08001730   Section        0  stm32f1xx_hal_cortex.o(i.HAL_NVIC_SetPriorityGrouping)
    i.HAL_RCCEx_GetPeriphCLKFreq             0x08001754   Section        0  stm32f1xx_hal_rcc_ex.o(i.HAL_RCCEx_GetPeriphCLKFreq)
    i.HAL_RCCEx_PeriphCLKConfig              0x0800181c   Section        0  stm32f1xx_hal_rcc_ex.o(i.HAL_RCCEx_PeriphCLKConfig)
    i.HAL_RCC_ClockConfig                    0x08001908   Section        0  stm32f1xx_hal_rcc.o(i.HAL_RCC_ClockConfig)
    i.HAL_RCC_GetHCLKFreq                    0x08001a5c   Section        0  stm32f1xx_hal_rcc.o(i.HAL_RCC_GetHCLKFreq)
    i.HAL_RCC_GetPCLK1Freq                   0x08001a68   Section        0  stm32f1xx_hal_rcc.o(i.HAL_RCC_GetPCLK1Freq)
    i.HAL_RCC_GetPCLK2Freq                   0x08001a88   Section        0  stm32f1xx_hal_rcc.o(i.HAL_RCC_GetPCLK2Freq)
    i.HAL_RCC_GetSysClockFreq                0x08001aa8   Section        0  stm32f1xx_hal_rcc.o(i.HAL_RCC_GetSysClockFreq)
    i.HAL_RCC_OscConfig                      0x08001b14   Section        0  stm32f1xx_hal_rcc.o(i.HAL_RCC_OscConfig)
    i.HAL_SPI_Init                           0x08001e18   Section        0  stm32f1xx_hal_spi_ex.o(i.HAL_SPI_Init)
    i.HAL_SPI_MspInit                        0x08001e9c   Section        0  stm32f1xx_hal_msp.o(i.HAL_SPI_MspInit)
    i.HAL_SPI_Receive                        0x08001ef4   Section        0  stm32f1xx_hal_spi.o(i.HAL_SPI_Receive)
    i.HAL_SPI_Transmit                       0x08002044   Section        0  stm32f1xx_hal_spi.o(i.HAL_SPI_Transmit)
    i.HAL_SPI_TransmitReceive                0x080021ac   Section        0  stm32f1xx_hal_spi.o(i.HAL_SPI_TransmitReceive)
    i.HAL_SYSTICK_CLKSourceConfig            0x08002384   Section        0  stm32f1xx_hal_cortex.o(i.HAL_SYSTICK_CLKSourceConfig)
    i.HAL_SYSTICK_Callback                   0x0800239c   Section        0  stm32f1xx_hal_cortex.o(i.HAL_SYSTICK_Callback)
    i.HAL_SYSTICK_Config                     0x0800239e   Section        0  stm32f1xx_hal_cortex.o(i.HAL_SYSTICK_Config)
    i.HAL_SYSTICK_IRQHandler                 0x080023c6   Section        0  stm32f1xx_hal_cortex.o(i.HAL_SYSTICK_IRQHandler)
    i.HAL_TIMEx_MasterConfigSynchronization  0x080023ce   Section        0  stm32f1xx_hal_tim_ex.o(i.HAL_TIMEx_MasterConfigSynchronization)
    i.HAL_TIM_Base_Init                      0x0800241e   Section        0  stm32f1xx_hal_tim.o(i.HAL_TIM_Base_Init)
    i.HAL_TIM_Base_MspInit                   0x08002454   Section        0  stm32f1xx_hal_msp.o(i.HAL_TIM_Base_MspInit)
    i.HAL_TIM_Base_Start                     0x0800247c   Section        0  stm32f1xx_hal_tim.o(i.HAL_TIM_Base_Start)
    i.HAL_TIM_ConfigClockSource              0x08002496   Section        0  stm32f1xx_hal_tim.o(i.HAL_TIM_ConfigClockSource)
    i.HAL_UART_Init                          0x08002588   Section        0  stm32f1xx_hal_uart.o(i.HAL_UART_Init)
    i.HAL_UART_MspInit                       0x080025ec   Section        0  stm32f1xx_hal_msp.o(i.HAL_UART_MspInit)
    i.HAL_UART_Transmit                      0x08002644   Section        0  stm32f1xx_hal_uart.o(i.HAL_UART_Transmit)
    i.HardFault_Handler                      0x080026fe   Section        0  stm32f1xx_it.o(i.HardFault_Handler)
    i.I2C_IsAcknowledgeFailed                0x08002700   Section        0  stm32f1xx_hal_i2c.o(i.I2C_IsAcknowledgeFailed)
    I2C_IsAcknowledgeFailed                  0x08002701   Thumb Code    40  stm32f1xx_hal_i2c.o(i.I2C_IsAcknowledgeFailed)
    i.I2C_RequestMemoryRead                  0x08002728   Section        0  stm32f1xx_hal_i2c.o(i.I2C_RequestMemoryRead)
    I2C_RequestMemoryRead                    0x08002729   Thumb Code   240  stm32f1xx_hal_i2c.o(i.I2C_RequestMemoryRead)
    i.I2C_RequestMemoryWrite                 0x08002818   Section        0  stm32f1xx_hal_i2c.o(i.I2C_RequestMemoryWrite)
    I2C_RequestMemoryWrite                   0x08002819   Thumb Code   156  stm32f1xx_hal_i2c.o(i.I2C_RequestMemoryWrite)
    i.I2C_WaitOnBTFFlagUntilTimeout          0x080028b8   Section        0  stm32f1xx_hal_i2c.o(i.I2C_WaitOnBTFFlagUntilTimeout)
    I2C_WaitOnBTFFlagUntilTimeout            0x080028b9   Thumb Code    78  stm32f1xx_hal_i2c.o(i.I2C_WaitOnBTFFlagUntilTimeout)
    i.I2C_WaitOnFlagUntilTimeout             0x08002906   Section        0  stm32f1xx_hal_i2c.o(i.I2C_WaitOnFlagUntilTimeout)
    I2C_WaitOnFlagUntilTimeout               0x08002907   Thumb Code    96  stm32f1xx_hal_i2c.o(i.I2C_WaitOnFlagUntilTimeout)
    i.I2C_WaitOnMasterAddressFlagUntilTimeout 0x08002968   Section        0  stm32f1xx_hal_i2c.o(i.I2C_WaitOnMasterAddressFlagUntilTimeout)
    I2C_WaitOnMasterAddressFlagUntilTimeout  0x08002969   Thumb Code   136  stm32f1xx_hal_i2c.o(i.I2C_WaitOnMasterAddressFlagUntilTimeout)
    i.I2C_WaitOnRXNEFlagUntilTimeout         0x080029f0   Section        0  stm32f1xx_hal_i2c.o(i.I2C_WaitOnRXNEFlagUntilTimeout)
    I2C_WaitOnRXNEFlagUntilTimeout           0x080029f1   Thumb Code    98  stm32f1xx_hal_i2c.o(i.I2C_WaitOnRXNEFlagUntilTimeout)
    i.I2C_WaitOnTXEFlagUntilTimeout          0x08002a52   Section        0  stm32f1xx_hal_i2c.o(i.I2C_WaitOnTXEFlagUntilTimeout)
    I2C_WaitOnTXEFlagUntilTimeout            0x08002a53   Thumb Code    78  stm32f1xx_hal_i2c.o(i.I2C_WaitOnTXEFlagUntilTimeout)
    i.MX_ADC1_Init                           0x08002aa0   Section        0  main.o(i.MX_ADC1_Init)
    MX_ADC1_Init                             0x08002aa1   Thumb Code    48  main.o(i.MX_ADC1_Init)
    i.MX_GPIO_Init                           0x08002ad8   Section        0  main.o(i.MX_GPIO_Init)
    MX_GPIO_Init                             0x08002ad9   Thumb Code   156  main.o(i.MX_GPIO_Init)
    i.MX_I2C1_Init                           0x08002b80   Section        0  main.o(i.MX_I2C1_Init)
    MX_I2C1_Init                             0x08002b81   Thumb Code    34  main.o(i.MX_I2C1_Init)
    i.MX_SPI1_Init                           0x08002bb0   Section        0  main.o(i.MX_SPI1_Init)
    MX_SPI1_Init                             0x08002bb1   Thumb Code    46  main.o(i.MX_SPI1_Init)
    i.MX_TIM1_Init                           0x08002be8   Section        0  main.o(i.MX_TIM1_Init)
    MX_TIM1_Init                             0x08002be9   Thumb Code    64  main.o(i.MX_TIM1_Init)
    i.MemManage_Handler                      0x08002c30   Section        0  stm32f1xx_it.o(i.MemManage_Handler)
    i.NMI_Handler                            0x08002c32   Section        0  stm32f1xx_it.o(i.NMI_Handler)
    i.NVIC_SetPriority                       0x08002c34   Section        0  stm32f1xx_hal_cortex.o(i.NVIC_SetPriority)
    NVIC_SetPriority                         0x08002c35   Thumb Code    32  stm32f1xx_hal_cortex.o(i.NVIC_SetPriority)
    i.PendSV_Handler                         0x08002c54   Section        0  stm32f1xx_it.o(i.PendSV_Handler)
    i.SPICmd8bit                             0x08002c58   Section        0  spi.o(i.SPICmd8bit)
    i.SPIRead                                0x08002c7c   Section        0  spi.o(i.SPIRead)
    i.SPIRead8bit                            0x08002c9c   Section        0  spi.o(i.SPIRead8bit)
    i.SPIWrite                               0x08002cc8   Section        0  spi.o(i.SPIWrite)
    i.SPI_CheckFlag_BSY                      0x08002cfc   Section        0  stm32f1xx_hal_spi.o(i.SPI_CheckFlag_BSY)
    SPI_CheckFlag_BSY                        0x08002cfd   Thumb Code    32  stm32f1xx_hal_spi.o(i.SPI_CheckFlag_BSY)
    i.SPI_WaitFlagStateUntilTimeout          0x08002d1c   Section        0  stm32f1xx_hal_spi.o(i.SPI_WaitFlagStateUntilTimeout)
    SPI_WaitFlagStateUntilTimeout            0x08002d1d   Thumb Code   150  stm32f1xx_hal_spi.o(i.SPI_WaitFlagStateUntilTimeout)
    i.SVC_Handler                            0x08002db2   Section        0  stm32f1xx_it.o(i.SVC_Handler)
    i.SysTick_Handler                        0x08002db4   Section        0  stm32f1xx_it.o(i.SysTick_Handler)
    i.SystemClock_Config                     0x08002dc2   Section        0  main.o(i.SystemClock_Config)
    i.SystemInit                             0x08002e2c   Section        0  system_stm32f1xx.o(i.SystemInit)
    i.TIM_Base_SetConfig                     0x08002e74   Section        0  stm32f1xx_hal_tim.o(i.TIM_Base_SetConfig)
    i.TIM_ETR_SetConfig                      0x08002ee0   Section        0  stm32f1xx_hal_tim.o(i.TIM_ETR_SetConfig)
    TIM_ETR_SetConfig                        0x08002ee1   Thumb Code    20  stm32f1xx_hal_tim.o(i.TIM_ETR_SetConfig)
    i.TIM_ITRx_SetConfig                     0x08002ef4   Section        0  stm32f1xx_hal_tim.o(i.TIM_ITRx_SetConfig)
    TIM_ITRx_SetConfig                       0x08002ef5   Thumb Code    16  stm32f1xx_hal_tim.o(i.TIM_ITRx_SetConfig)
    i.TIM_TI1_ConfigInputStage               0x08002f04   Section        0  stm32f1xx_hal_tim.o(i.TIM_TI1_ConfigInputStage)
    TIM_TI1_ConfigInputStage                 0x08002f05   Thumb Code    34  stm32f1xx_hal_tim.o(i.TIM_TI1_ConfigInputStage)
    i.TIM_TI2_ConfigInputStage               0x08002f26   Section        0  stm32f1xx_hal_tim.o(i.TIM_TI2_ConfigInputStage)
    TIM_TI2_ConfigInputStage                 0x08002f27   Thumb Code    36  stm32f1xx_hal_tim.o(i.TIM_TI2_ConfigInputStage)
    i.UART_SetConfig                         0x08002f4c   Section        0  stm32f1xx_hal_uart.o(i.UART_SetConfig)
    UART_SetConfig                           0x08002f4d   Thumb Code   364  stm32f1xx_hal_uart.o(i.UART_SetConfig)
    i.UART_WaitOnFlagUntilTimeout            0x080030bc   Section        0  stm32f1xx_hal_uart.o(i.UART_WaitOnFlagUntilTimeout)
    UART_WaitOnFlagUntilTimeout              0x080030bd   Thumb Code   100  stm32f1xx_hal_uart.o(i.UART_WaitOnFlagUntilTimeout)
    i.UsageFault_Handler                     0x08003120   Section        0  stm32f1xx_it.o(i.UsageFault_Handler)
    i.__0sprintf                             0x08003124   Section        0  printfa.o(i.__0sprintf)
    i.__ARM_fpclassify                       0x0800314c   Section        0  fpclassify.o(i.__ARM_fpclassify)
    i.__kernel_poly                          0x08003174   Section        0  poly.o(i.__kernel_poly)
    i.__mathlib_dbl_divzero                  0x08003220   Section        0  dunder.o(i.__mathlib_dbl_divzero)
    i.__mathlib_dbl_infnan2                  0x08003230   Section        0  dunder.o(i.__mathlib_dbl_infnan2)
    i.__mathlib_dbl_invalid                  0x08003234   Section        0  dunder.o(i.__mathlib_dbl_invalid)
    i.__mathlib_dbl_overflow                 0x08003240   Section        0  dunder.o(i.__mathlib_dbl_overflow)
    i.__mathlib_dbl_underflow                0x08003250   Section        0  dunder.o(i.__mathlib_dbl_underflow)
    i.__scatterload_copy                     0x08003260   Section       14  handlers.o(i.__scatterload_copy)
    i.__scatterload_null                     0x0800326e   Section        2  handlers.o(i.__scatterload_null)
    i.__scatterload_zeroinit                 0x08003270   Section       14  handlers.o(i.__scatterload_zeroinit)
    i.__set_errno                            0x08003280   Section        0  errno.o(i.__set_errno)
    i._fp_digits                             0x0800328c   Section        0  printfa.o(i._fp_digits)
    _fp_digits                               0x0800328d   Thumb Code   366  printfa.o(i._fp_digits)
    i._printf_core                           0x08003410   Section        0  printfa.o(i._printf_core)
    _printf_core                             0x08003411   Thumb Code  1744  printfa.o(i._printf_core)
    i._printf_post_padding                   0x08003aec   Section        0  printfa.o(i._printf_post_padding)
    _printf_post_padding                     0x08003aed   Thumb Code    36  printfa.o(i._printf_post_padding)
    i._printf_pre_padding                    0x08003b10   Section        0  printfa.o(i._printf_pre_padding)
    _printf_pre_padding                      0x08003b11   Thumb Code    46  printfa.o(i._printf_pre_padding)
    i._sputc                                 0x08003b3e   Section        0  printfa.o(i._sputc)
    _sputc                                   0x08003b3f   Thumb Code    10  printfa.o(i._sputc)
    i.bmp280_init                            0x08003b48   Section        0  bmp280.o(i.bmp280_init)
    i.bmp280_init_default_params             0x08003c10   Section        0  bmp280.o(i.bmp280_init_default_params)
    i.bmp280_read_fixed                      0x08003c22   Section        0  bmp280.o(i.bmp280_read_fixed)
    i.bmp280_read_float                      0x08003d30   Section        0  bmp280.o(i.bmp280_read_float)
    i.check_response                         0x08003d84   Section        0  main.o(i.check_response)
    i.compensate_pressure                    0x08003dc8   Section        0  bmp280.o(i.compensate_pressure)
    compensate_pressure                      0x08003dc9   Thumb Code   342  bmp280.o(i.compensate_pressure)
    i.delay_us                               0x08003f24   Section        0  main.o(i.delay_us)
    i.main                                   0x08003f3c   Section        0  main.o(i.main)
    i.mainApp                                0x0800429c   Section        0  mainapp.o(i.mainApp)
    i.map                                    0x08004310   Section        0  main.o(i.map)
    i.pow                                    0x08004324   Section        0  pow.o(i.pow)
    i.read_calibration_data                  0x08004cfc   Section        0  bmp280.o(i.read_calibration_data)
    read_calibration_data                    0x08004cfd   Thumb Code   176  bmp280.o(i.read_calibration_data)
    i.read_data                              0x08004dac   Section        0  main.o(i.read_data)
    i.read_data                              0x08004e08   Section        0  bmp280.o(i.read_data)
    read_data                                0x08004e09   Thumb Code    42  bmp280.o(i.read_data)
    i.read_hum_calibration_data              0x08004e32   Section        0  bmp280.o(i.read_hum_calibration_data)
    read_hum_calibration_data                0x08004e33   Thumb Code   120  bmp280.o(i.read_hum_calibration_data)
    i.read_register16                        0x08004eaa   Section        0  bmp280.o(i.read_register16)
    read_register16                          0x08004eab   Thumb Code    56  bmp280.o(i.read_register16)
    i.set_gpio_input                         0x08004ee4   Section        0  main.o(i.set_gpio_input)
    i.set_gpio_output                        0x08004f04   Section        0  main.o(i.set_gpio_output)
    i.sqrt                                   0x08004f24   Section        0  sqrt.o(i.sqrt)
    i.sx1276_7_8_Config                      0x08004f70   Section        0  sx1276_7_8.o(i.sx1276_7_8_Config)
    i.sx1276_7_8_EntryLoRa                   0x08005060   Section        0  sx1276_7_8.o(i.sx1276_7_8_EntryLoRa)
    i.sx1276_7_8_LoRaClearIrq                0x08005068   Section        0  sx1276_7_8.o(i.sx1276_7_8_LoRaClearIrq)
    i.sx1276_7_8_LoRaEntryRx                 0x08005070   Section        0  sx1276_7_8.o(i.sx1276_7_8_LoRaEntryRx)
    i.sx1276_7_8_LoRaEntryTx                 0x080050e0   Section        0  sx1276_7_8.o(i.sx1276_7_8_LoRaEntryTx)
    i.sx1276_7_8_LoRaTxPacket                0x08005140   Section        0  sx1276_7_8.o(i.sx1276_7_8_LoRaTxPacket)
    i.sx1276_7_8_Sleep                       0x0800517c   Section        0  sx1276_7_8.o(i.sx1276_7_8_Sleep)
    i.sx1276_7_8_Standby                     0x08005184   Section        0  sx1276_7_8.o(i.sx1276_7_8_Standby)
    i.write_register8                        0x0800518c   Section        0  bmp280.o(i.write_register8)
    write_register8                          0x0800518d   Thumb Code    46  bmp280.o(i.write_register8)
    .constdata                               0x080051ba   Section       24  sx1276_7_8.o(.constdata)
    .constdata                               0x080051d2   Section       16  system_stm32f1xx.o(.constdata)
    .constdata                               0x080051e2   Section        8  system_stm32f1xx.o(.constdata)
    .constdata                               0x080051f0   Section      136  pow.o(.constdata)
    bp                                       0x080051f0   Data          16  pow.o(.constdata)
    dp_h                                     0x08005200   Data          16  pow.o(.constdata)
    dp_l                                     0x08005210   Data          16  pow.o(.constdata)
    L                                        0x08005220   Data          48  pow.o(.constdata)
    P                                        0x08005250   Data          40  pow.o(.constdata)
    .constdata                               0x08005278   Section        8  qnan.o(.constdata)
    .data                                    0x20000000   Section       48  main.o(.data)
    .data                                    0x20000030   Section       10  mainapp.o(.data)
    .data                                    0x2000003a   Section       64  sx1276_7_8.o(.data)
    .data                                    0x2000007c   Section       12  stm32f1xx_hal.o(.data)
    .data                                    0x20000088   Section        4  system_stm32f1xx.o(.data)
    .data                                    0x2000008c   Section        4  errno.o(.data)
    _errno                                   0x2000008c   Data           4  errno.o(.data)
    .bss                                     0x20000090   Section      544  main.o(.bss)
    STACK                                    0x200002b0   Section     1024  startup_stm32f103xb.o(STACK)

    Global Symbols

    Symbol Name                              Value     Ov Type        Size  Object(Section)

    BuildAttributes$$THM_ISAv4$P$D$K$B$S$PE$A:L22UL41UL21$X:L11$S22US41US21$IEEE1$IW$USESV6$~STKCKD$USESV7$~SHL$OTIME$ROPI$IEEEX$EBA8$MICROLIB$REQ8$PRES8$EABIv2 0x00000000   Number         0  anon$$obj.o ABSOLUTE
    __ARM_use_no_argv                        0x00000000   Number         0  main.o ABSOLUTE
    _printf_a                                0x00000000   Number         0  stubs.o ABSOLUTE
    _printf_c                                0x00000000   Number         0  stubs.o ABSOLUTE
    _printf_charcount                        0x00000000   Number         0  stubs.o ABSOLUTE
    _printf_d                                0x00000000   Number         0  stubs.o ABSOLUTE
    _printf_e                                0x00000000   Number         0  stubs.o ABSOLUTE
    _printf_f                                0x00000000   Number         0  stubs.o ABSOLUTE
    _printf_flags                            0x00000000   Number         0  stubs.o ABSOLUTE
    _printf_fp_dec                           0x00000000   Number         0  stubs.o ABSOLUTE
    _printf_fp_hex                           0x00000000   Number         0  stubs.o ABSOLUTE
    _printf_g                                0x00000000   Number         0  stubs.o ABSOLUTE
    _printf_i                                0x00000000   Number         0  stubs.o ABSOLUTE
    _printf_int_dec                          0x00000000   Number         0  stubs.o ABSOLUTE
    _printf_l                                0x00000000   Number         0  stubs.o ABSOLUTE
    _printf_lc                               0x00000000   Number         0  stubs.o ABSOLUTE
    _printf_ll                               0x00000000   Number         0  stubs.o ABSOLUTE
    _printf_lld                              0x00000000   Number         0  stubs.o ABSOLUTE
    _printf_lli                              0x00000000   Number         0  stubs.o ABSOLUTE
    _printf_llo                              0x00000000   Number         0  stubs.o ABSOLUTE
    _printf_llu                              0x00000000   Number         0  stubs.o ABSOLUTE
    _printf_llx                              0x00000000   Number         0  stubs.o ABSOLUTE
    _printf_longlong_dec                     0x00000000   Number         0  stubs.o ABSOLUTE
    _printf_longlong_hex                     0x00000000   Number         0  stubs.o ABSOLUTE
    _printf_longlong_oct                     0x00000000   Number         0  stubs.o ABSOLUTE
    _printf_ls                               0x00000000   Number         0  stubs.o ABSOLUTE
    _printf_mbtowc                           0x00000000   Number         0  stubs.o ABSOLUTE
    _printf_n                                0x00000000   Number         0  stubs.o ABSOLUTE
    _printf_o                                0x00000000   Number         0  stubs.o ABSOLUTE
    _printf_p                                0x00000000   Number         0  stubs.o ABSOLUTE
    _printf_percent                          0x00000000   Number         0  stubs.o ABSOLUTE
    _printf_pre_padding                      0x00000000   Number         0  stubs.o ABSOLUTE
    _printf_return_value                     0x00000000   Number         0  stubs.o ABSOLUTE
    _printf_s                                0x00000000   Number         0  stubs.o ABSOLUTE
    _printf_sizespec                         0x00000000   Number         0  stubs.o ABSOLUTE
    _printf_str                              0x00000000   Number         0  stubs.o ABSOLUTE
    _printf_truncate_signed                  0x00000000   Number         0  stubs.o ABSOLUTE
    _printf_truncate_unsigned                0x00000000   Number         0  stubs.o ABSOLUTE
    _printf_u                                0x00000000   Number         0  stubs.o ABSOLUTE
    _printf_wc                               0x00000000   Number         0  stubs.o ABSOLUTE
    _printf_wctomb                           0x00000000   Number         0  stubs.o ABSOLUTE
    _printf_widthprec                        0x00000000   Number         0  stubs.o ABSOLUTE
    _printf_x                                0x00000000   Number         0  stubs.o ABSOLUTE
    __cpp_initialize__aeabi_                  - Undefined Weak Reference
    __cxa_finalize                            - Undefined Weak Reference
    __decompress                              - Undefined Weak Reference
    _clock_init                               - Undefined Weak Reference
    _microlib_exit                            - Undefined Weak Reference
    __Vectors_Size                           0x000000ec   Number         0  startup_stm32f103xb.o ABSOLUTE
    __Vectors                                0x08000000   Data           4  startup_stm32f103xb.o(RESET)
    __Vectors_End                            0x080000ec   Data           0  startup_stm32f103xb.o(RESET)
    __main                                   0x080000ed   Thumb Code     0  entry.o(.ARM.Collect$$$$00000000)
    _main_stk                                0x080000ed   Thumb Code     0  entry2.o(.ARM.Collect$$$$00000001)
    _main_scatterload                        0x080000f1   Thumb Code     0  entry5.o(.ARM.Collect$$$$00000004)
    __main_after_scatterload                 0x080000f5   Thumb Code     0  entry5.o(.ARM.Collect$$$$00000004)
    _main_clock                              0x080000f5   Thumb Code     0  entry7b.o(.ARM.Collect$$$$00000008)
    _main_cpp_init                           0x080000f5   Thumb Code     0  entry8b.o(.ARM.Collect$$$$0000000A)
    _main_init                               0x080000f5   Thumb Code     0  entry9a.o(.ARM.Collect$$$$0000000B)
    __rt_final_cpp                           0x080000fd   Thumb Code     0  entry10a.o(.ARM.Collect$$$$0000000D)
    __rt_final_exit                          0x080000fd   Thumb Code     0  entry11a.o(.ARM.Collect$$$$0000000F)
    Reset_Handler                            0x08000101   Thumb Code     8  startup_stm32f103xb.o(.text)
    ADC1_2_IRQHandler                        0x0800011b   Thumb Code     0  startup_stm32f103xb.o(.text)
    CAN1_RX1_IRQHandler                      0x0800011b   Thumb Code     0  startup_stm32f103xb.o(.text)
    CAN1_SCE_IRQHandler                      0x0800011b   Thumb Code     0  startup_stm32f103xb.o(.text)
    DMA1_Channel1_IRQHandler                 0x0800011b   Thumb Code     0  startup_stm32f103xb.o(.text)
    DMA1_Channel2_IRQHandler                 0x0800011b   Thumb Code     0  startup_stm32f103xb.o(.text)
    DMA1_Channel3_IRQHandler                 0x0800011b   Thumb Code     0  startup_stm32f103xb.o(.text)
    DMA1_Channel4_IRQHandler                 0x0800011b   Thumb Code     0  startup_stm32f103xb.o(.text)
    DMA1_Channel5_IRQHandler                 0x0800011b   Thumb Code     0  startup_stm32f103xb.o(.text)
    DMA1_Channel6_IRQHandler                 0x0800011b   Thumb Code     0  startup_stm32f103xb.o(.text)
    DMA1_Channel7_IRQHandler                 0x0800011b   Thumb Code     0  startup_stm32f103xb.o(.text)
    EXTI0_IRQHandler                         0x0800011b   Thumb Code     0  startup_stm32f103xb.o(.text)
    EXTI15_10_IRQHandler                     0x0800011b   Thumb Code     0  startup_stm32f103xb.o(.text)
    EXTI1_IRQHandler                         0x0800011b   Thumb Code     0  startup_stm32f103xb.o(.text)
    EXTI2_IRQHandler                         0x0800011b   Thumb Code     0  startup_stm32f103xb.o(.text)
    EXTI3_IRQHandler                         0x0800011b   Thumb Code     0  startup_stm32f103xb.o(.text)
    EXTI4_IRQHandler                         0x0800011b   Thumb Code     0  startup_stm32f103xb.o(.text)
    EXTI9_5_IRQHandler                       0x0800011b   Thumb Code     0  startup_stm32f103xb.o(.text)
    FLASH_IRQHandler                         0x0800011b   Thumb Code     0  startup_stm32f103xb.o(.text)
    I2C1_ER_IRQHandler                       0x0800011b   Thumb Code     0  startup_stm32f103xb.o(.text)
    I2C1_EV_IRQHandler                       0x0800011b   Thumb Code     0  startup_stm32f103xb.o(.text)
    I2C2_ER_IRQHandler                       0x0800011b   Thumb Code     0  startup_stm32f103xb.o(.text)
    I2C2_EV_IRQHandler                       0x0800011b   Thumb Code     0  startup_stm32f103xb.o(.text)
    PVD_IRQHandler                           0x0800011b   Thumb Code     0  startup_stm32f103xb.o(.text)
    RCC_IRQHandler                           0x0800011b   Thumb Code     0  startup_stm32f103xb.o(.text)
    RTC_Alarm_IRQHandler                     0x0800011b   Thumb Code     0  startup_stm32f103xb.o(.text)
    RTC_IRQHandler                           0x0800011b   Thumb Code     0  startup_stm32f103xb.o(.text)
    SPI1_IRQHandler                          0x0800011b   Thumb Code     0  startup_stm32f103xb.o(.text)
    SPI2_IRQHandler                          0x0800011b   Thumb Code     0  startup_stm32f103xb.o(.text)
    TAMPER_IRQHandler                        0x0800011b   Thumb Code     0  startup_stm32f103xb.o(.text)
    TIM1_BRK_IRQHandler                      0x0800011b   Thumb Code     0  startup_stm32f103xb.o(.text)
    TIM1_CC_IRQHandler                       0x0800011b   Thumb Code     0  startup_stm32f103xb.o(.text)
    TIM1_TRG_COM_IRQHandler                  0x0800011b   Thumb Code     0  startup_stm32f103xb.o(.text)
    TIM1_UP_IRQHandler                       0x0800011b   Thumb Code     0  startup_stm32f103xb.o(.text)
    TIM2_IRQHandler                          0x0800011b   Thumb Code     0  startup_stm32f103xb.o(.text)
    TIM3_IRQHandler                          0x0800011b   Thumb Code     0  startup_stm32f103xb.o(.text)
    TIM4_IRQHandler                          0x0800011b   Thumb Code     0  startup_stm32f103xb.o(.text)
    USART1_IRQHandler                        0x0800011b   Thumb Code     0  startup_stm32f103xb.o(.text)
    USART2_IRQHandler                        0x0800011b   Thumb Code     0  startup_stm32f103xb.o(.text)
    USART3_IRQHandler                        0x0800011b   Thumb Code     0  startup_stm32f103xb.o(.text)
    USBWakeUp_IRQHandler                     0x0800011b   Thumb Code     0  startup_stm32f103xb.o(.text)
    USB_HP_CAN1_TX_IRQHandler                0x0800011b   Thumb Code     0  startup_stm32f103xb.o(.text)
    USB_LP_CAN1_RX0_IRQHandler               0x0800011b   Thumb Code     0  startup_stm32f103xb.o(.text)
    WWDG_IRQHandler                          0x0800011b   Thumb Code     0  startup_stm32f103xb.o(.text)
    __aeabi_ldivmod                          0x08000125   Thumb Code    98  ldiv.o(.text)
    __aeabi_llsr                             0x08000187   Thumb Code    32  llushr.o(.text)
    _ll_ushift_r                             0x08000187   Thumb Code     0  llushr.o(.text)
    __aeabi_fdiv                             0x080001a7   Thumb Code   124  fdiv.o(.text)
    __ARM_scalbnf                            0x08000223   Thumb Code    24  fscalb.o(.text)
    scalbnf                                  0x08000223   Thumb Code     0  fscalb.o(.text)
    __aeabi_dadd                             0x0800023b   Thumb Code   322  dadd.o(.text)
    __aeabi_dsub                             0x0800037d   Thumb Code     6  dadd.o(.text)
    __aeabi_drsub                            0x08000383   Thumb Code     6  dadd.o(.text)
    __aeabi_dmul                             0x08000389   Thumb Code   228  dmul.o(.text)
    __aeabi_ddiv                             0x0800046d   Thumb Code   222  ddiv.o(.text)
    __aeabi_i2f                              0x0800054b   Thumb Code    18  fflti.o(.text)
    __aeabi_ui2f                             0x0800055d   Thumb Code    10  ffltui.o(.text)
    __aeabi_ui2d                             0x08000567   Thumb Code    26  dfltui.o(.text)
    __aeabi_f2d                              0x08000581   Thumb Code    38  f2d.o(.text)
    __aeabi_d2f                              0x080005a7   Thumb Code    56  d2f.o(.text)
    __aeabi_uidiv                            0x080005df   Thumb Code     0  uidiv.o(.text)
    __aeabi_uidivmod                         0x080005df   Thumb Code    44  uidiv.o(.text)
    __aeabi_uldivmod                         0x0800060b   Thumb Code    98  uldiv.o(.text)
    __aeabi_llsl                             0x0800066d   Thumb Code    30  llshl.o(.text)
    _ll_shift_l                              0x0800066d   Thumb Code     0  llshl.o(.text)
    __aeabi_lasr                             0x0800068b   Thumb Code    36  llsshr.o(.text)
    _ll_sshift_r                             0x0800068b   Thumb Code     0  llsshr.o(.text)
    __I$use$fp                               0x080006af   Thumb Code     0  iusefp.o(.text)
    _float_round                             0x080006af   Thumb Code    18  fepilogue.o(.text)
    _float_epilogue                          0x080006c1   Thumb Code    92  fepilogue.o(.text)
    _double_round                            0x0800071d   Thumb Code    30  depilogue.o(.text)
    _double_epilogue                         0x0800073b   Thumb Code   156  depilogue.o(.text)
    __ARM_scalbn                             0x080007d7   Thumb Code    46  dscalb.o(.text)
    scalbn                                   0x080007d7   Thumb Code     0  dscalb.o(.text)
    __aeabi_i2d                              0x08000805   Thumb Code    34  dflti.o(.text)
    __aeabi_d2ulz                            0x08000827   Thumb Code    48  dfixul.o(.text)
    __aeabi_cdrcmple                         0x08000859   Thumb Code    48  cdrcmple.o(.text)
    __scatterload                            0x08000889   Thumb Code    28  init.o(.text)
    __scatterload_rt2                        0x08000889   Thumb Code     0  init.o(.text)
    _dsqrt                                   0x080008ad   Thumb Code   162  dsqrt.o(.text)
    ADC_ConversionStop_Disable               0x08000951   Thumb Code    76  stm32f1xx_hal_adc.o(i.ADC_ConversionStop_Disable)
    ADC_Enable                               0x0800099d   Thumb Code   104  stm32f1xx_hal_adc.o(i.ADC_Enable)
    BurstWrite                               0x08000a0d   Thumb Code    70  spi.o(i.BurstWrite)
    BusFault_Handler                         0x08000a59   Thumb Code     2  stm32f1xx_it.o(i.BusFault_Handler)
    DHT22_start                              0x08000a5d   Thumb Code    52  main.o(i.DHT22_start)
    DebugMon_Handler                         0x08000a95   Thumb Code     2  stm32f1xx_it.o(i.DebugMon_Handler)
    HAL_ADC_ConfigChannel                    0x08000a99   Thumb Code   240  stm32f1xx_hal_adc.o(i.HAL_ADC_ConfigChannel)
    HAL_ADC_GetValue                         0x08000b95   Thumb Code     6  stm32f1xx_hal_adc.o(i.HAL_ADC_GetValue)
    HAL_ADC_Init                             0x08000b9d   Thumb Code   272  stm32f1xx_hal_adc.o(i.HAL_ADC_Init)
    HAL_ADC_MspInit                          0x08000cb9   Thumb Code    50  stm32f1xx_hal_msp.o(i.HAL_ADC_MspInit)
    HAL_ADC_PollForConversion                0x08000cf9   Thumb Code   290  stm32f1xx_hal_adc.o(i.HAL_ADC_PollForConversion)
    HAL_ADC_Start                            0x08000e29   Thumb Code   184  stm32f1xx_hal_adc.o(i.HAL_ADC_Start)
    HAL_ADC_Stop                             0x08000ee9   Thumb Code    52  stm32f1xx_hal_adc.o(i.HAL_ADC_Stop)
    HAL_Delay                                0x08000f1d   Thumb Code    32  stm32f1xx_hal.o(i.HAL_Delay)
    HAL_GPIO_Init                            0x08000f41   Thumb Code   408  stm32f1xx_hal_gpio.o(i.HAL_GPIO_Init)
    HAL_GPIO_ReadPin                         0x080010fd   Thumb Code    10  stm32f1xx_hal_gpio.o(i.HAL_GPIO_ReadPin)
    HAL_GPIO_WritePin                        0x08001107   Thumb Code    10  stm32f1xx_hal_gpio.o(i.HAL_GPIO_WritePin)
    HAL_GetTick                              0x08001111   Thumb Code     6  stm32f1xx_hal.o(i.HAL_GetTick)
    HAL_I2C_Init                             0x0800111d   Thumb Code   302  stm32f1xx_hal_i2c.o(i.HAL_I2C_Init)
    HAL_I2C_Mem_Read                         0x0800125d   Thumb Code   530  stm32f1xx_hal_i2c.o(i.HAL_I2C_Mem_Read)
    HAL_I2C_Mem_Write                        0x0800147d   Thumb Code   306  stm32f1xx_hal_i2c.o(i.HAL_I2C_Mem_Write)
    HAL_I2C_MspInit                          0x080015b9   Thumb Code    54  stm32f1xx_hal_msp.o(i.HAL_I2C_MspInit)
    HAL_IncTick                              0x080015fd   Thumb Code    12  stm32f1xx_hal.o(i.HAL_IncTick)
    HAL_Init                                 0x0800160d   Thumb Code    32  stm32f1xx_hal.o(i.HAL_Init)
    HAL_InitTick                             0x08001631   Thumb Code    54  stm32f1xx_hal.o(i.HAL_InitTick)
    HAL_MspInit                              0x08001671   Thumb Code   118  stm32f1xx_hal_msp.o(i.HAL_MspInit)
    HAL_NVIC_SetPriority                     0x080016f1   Thumb Code    60  stm32f1xx_hal_cortex.o(i.HAL_NVIC_SetPriority)
    HAL_NVIC_SetPriorityGrouping             0x08001731   Thumb Code    26  stm32f1xx_hal_cortex.o(i.HAL_NVIC_SetPriorityGrouping)
    HAL_RCCEx_GetPeriphCLKFreq               0x08001755   Thumb Code   166  stm32f1xx_hal_rcc_ex.o(i.HAL_RCCEx_GetPeriphCLKFreq)
    HAL_RCCEx_PeriphCLKConfig                0x0800181d   Thumb Code   224  stm32f1xx_hal_rcc_ex.o(i.HAL_RCCEx_PeriphCLKConfig)
    HAL_RCC_ClockConfig                      0x08001909   Thumb Code   322  stm32f1xx_hal_rcc.o(i.HAL_RCC_ClockConfig)
    HAL_RCC_GetHCLKFreq                      0x08001a5d   Thumb Code     6  stm32f1xx_hal_rcc.o(i.HAL_RCC_GetHCLKFreq)
    HAL_RCC_GetPCLK1Freq                     0x08001a69   Thumb Code    20  stm32f1xx_hal_rcc.o(i.HAL_RCC_GetPCLK1Freq)
    HAL_RCC_GetPCLK2Freq                     0x08001a89   Thumb Code    20  stm32f1xx_hal_rcc.o(i.HAL_RCC_GetPCLK2Freq)
    HAL_RCC_GetSysClockFreq                  0x08001aa9   Thumb Code    74  stm32f1xx_hal_rcc.o(i.HAL_RCC_GetSysClockFreq)
    HAL_RCC_OscConfig                        0x08001b15   Thumb Code   750  stm32f1xx_hal_rcc.o(i.HAL_RCC_OscConfig)
    HAL_SPI_Init                             0x08001e19   Thumb Code   130  stm32f1xx_hal_spi_ex.o(i.HAL_SPI_Init)
    HAL_SPI_MspInit                          0x08001e9d   Thumb Code    74  stm32f1xx_hal_msp.o(i.HAL_SPI_MspInit)
    HAL_SPI_Receive                          0x08001ef5   Thumb Code   336  stm32f1xx_hal_spi.o(i.HAL_SPI_Receive)
    HAL_SPI_Transmit                         0x08002045   Thumb Code   360  stm32f1xx_hal_spi.o(i.HAL_SPI_Transmit)
    HAL_SPI_TransmitReceive                  0x080021ad   Thumb Code   472  stm32f1xx_hal_spi.o(i.HAL_SPI_TransmitReceive)
    HAL_SYSTICK_CLKSourceConfig              0x08002385   Thumb Code    24  stm32f1xx_hal_cortex.o(i.HAL_SYSTICK_CLKSourceConfig)
    HAL_SYSTICK_Callback                     0x0800239d   Thumb Code     2  stm32f1xx_hal_cortex.o(i.HAL_SYSTICK_Callback)
    HAL_SYSTICK_Config                       0x0800239f   Thumb Code    40  stm32f1xx_hal_cortex.o(i.HAL_SYSTICK_Config)
    HAL_SYSTICK_IRQHandler                   0x080023c7   Thumb Code     8  stm32f1xx_hal_cortex.o(i.HAL_SYSTICK_IRQHandler)
    HAL_TIMEx_MasterConfigSynchronization    0x080023cf   Thumb Code    80  stm32f1xx_hal_tim_ex.o(i.HAL_TIMEx_MasterConfigSynchronization)
    HAL_TIM_Base_Init                        0x0800241f   Thumb Code    54  stm32f1xx_hal_tim.o(i.HAL_TIM_Base_Init)
    HAL_TIM_Base_MspInit                     0x08002455   Thumb Code    30  stm32f1xx_hal_msp.o(i.HAL_TIM_Base_MspInit)
    HAL_TIM_Base_Start                       0x0800247d   Thumb Code    26  stm32f1xx_hal_tim.o(i.HAL_TIM_Base_Start)
    HAL_TIM_ConfigClockSource                0x08002497   Thumb Code   242  stm32f1xx_hal_tim.o(i.HAL_TIM_ConfigClockSource)
    HAL_UART_Init                            0x08002589   Thumb Code    98  stm32f1xx_hal_uart.o(i.HAL_UART_Init)
    HAL_UART_MspInit                         0x080025ed   Thumb Code    76  stm32f1xx_hal_msp.o(i.HAL_UART_MspInit)
    HAL_UART_Transmit                        0x08002645   Thumb Code   186  stm32f1xx_hal_uart.o(i.HAL_UART_Transmit)
    HardFault_Handler                        0x080026ff   Thumb Code     2  stm32f1xx_it.o(i.HardFault_Handler)
    MemManage_Handler                        0x08002c31   Thumb Code     2  stm32f1xx_it.o(i.MemManage_Handler)
    NMI_Handler                              0x08002c33   Thumb Code     2  stm32f1xx_it.o(i.NMI_Handler)
    PendSV_Handler                           0x08002c55   Thumb Code     2  stm32f1xx_it.o(i.PendSV_Handler)
    SPICmd8bit                               0x08002c59   Thumb Code    26  spi.o(i.SPICmd8bit)
    SPIRead                                  0x08002c7d   Thumb Code    26  spi.o(i.SPIRead)
    SPIRead8bit                              0x08002c9d   Thumb Code    36  spi.o(i.SPIRead8bit)
    SPIWrite                                 0x08002cc9   Thumb Code    46  spi.o(i.SPIWrite)
    SVC_Handler                              0x08002db3   Thumb Code     2  stm32f1xx_it.o(i.SVC_Handler)
    SysTick_Handler                          0x08002db5   Thumb Code    14  stm32f1xx_it.o(i.SysTick_Handler)
    SystemClock_Config                       0x08002dc3   Thumb Code   106  main.o(i.SystemClock_Config)
    SystemInit                               0x08002e2d   Thumb Code    56  system_stm32f1xx.o(i.SystemInit)
    TIM_Base_SetConfig                       0x08002e75   Thumb Code    94  stm32f1xx_hal_tim.o(i.TIM_Base_SetConfig)
    UsageFault_Handler                       0x08003121   Thumb Code     2  stm32f1xx_it.o(i.UsageFault_Handler)
    __0sprintf                               0x08003125   Thumb Code    34  printfa.o(i.__0sprintf)
    __1sprintf                               0x08003125   Thumb Code     0  printfa.o(i.__0sprintf)
    __2sprintf                               0x08003125   Thumb Code     0  printfa.o(i.__0sprintf)
    __c89sprintf                             0x08003125   Thumb Code     0  printfa.o(i.__0sprintf)
    sprintf                                  0x08003125   Thumb Code     0  printfa.o(i.__0sprintf)
    __ARM_fpclassify                         0x0800314d   Thumb Code    40  fpclassify.o(i.__ARM_fpclassify)
    __kernel_poly                            0x08003175   Thumb Code   170  poly.o(i.__kernel_poly)
    __mathlib_dbl_divzero                    0x08003221   Thumb Code    12  dunder.o(i.__mathlib_dbl_divzero)
    __mathlib_dbl_infnan2                    0x08003231   Thumb Code     4  dunder.o(i.__mathlib_dbl_infnan2)
    __mathlib_dbl_invalid                    0x08003235   Thumb Code    12  dunder.o(i.__mathlib_dbl_invalid)
    __mathlib_dbl_overflow                   0x08003241   Thumb Code    14  dunder.o(i.__mathlib_dbl_overflow)
    __mathlib_dbl_underflow                  0x08003251   Thumb Code    10  dunder.o(i.__mathlib_dbl_underflow)
    __scatterload_copy                       0x08003261   Thumb Code    14  handlers.o(i.__scatterload_copy)
    __scatterload_null                       0x0800326f   Thumb Code     2  handlers.o(i.__scatterload_null)
    __scatterload_zeroinit                   0x08003271   Thumb Code    14  handlers.o(i.__scatterload_zeroinit)
    __set_errno                              0x08003281   Thumb Code     6  errno.o(i.__set_errno)
    bmp280_init                              0x08003b49   Thumb Code   200  bmp280.o(i.bmp280_init)
    bmp280_init_default_params               0x08003c11   Thumb Code    18  bmp280.o(i.bmp280_init_default_params)
    bmp280_read_fixed                        0x08003c23   Thumb Code   270  bmp280.o(i.bmp280_read_fixed)
    bmp280_read_float                        0x08003d31   Thumb Code    80  bmp280.o(i.bmp280_read_float)
    check_response                           0x08003d85   Thumb Code    60  main.o(i.check_response)
    delay_us                                 0x08003f25   Thumb Code    18  main.o(i.delay_us)
    main                                     0x08003f3d   Thumb Code   638  main.o(i.main)
    mainApp                                  0x0800429d   Thumb Code   104  mainapp.o(i.mainApp)
    map                                      0x08004311   Thumb Code    20  main.o(i.map)
    pow                                      0x08004325   Thumb Code  2512  pow.o(i.pow)
    read_data                                0x08004dad   Thumb Code    88  main.o(i.read_data)
    set_gpio_input                           0x08004ee5   Thumb Code    22  main.o(i.set_gpio_input)
    set_gpio_output                          0x08004f05   Thumb Code    24  main.o(i.set_gpio_output)
    sqrt                                     0x08004f25   Thumb Code    76  sqrt.o(i.sqrt)
    sx1276_7_8_Config                        0x08004f71   Thumb Code   220  sx1276_7_8.o(i.sx1276_7_8_Config)
    sx1276_7_8_EntryLoRa                     0x08005061   Thumb Code     8  sx1276_7_8.o(i.sx1276_7_8_EntryLoRa)
    sx1276_7_8_LoRaClearIrq                  0x08005069   Thumb Code     8  sx1276_7_8.o(i.sx1276_7_8_LoRaClearIrq)
    sx1276_7_8_LoRaEntryRx                   0x08005071   Thumb Code   106  sx1276_7_8.o(i.sx1276_7_8_LoRaEntryRx)
    sx1276_7_8_LoRaEntryTx                   0x080050e1   Thumb Code    90  sx1276_7_8.o(i.sx1276_7_8_LoRaEntryTx)
    sx1276_7_8_LoRaTxPacket                  0x08005141   Thumb Code    52  sx1276_7_8.o(i.sx1276_7_8_LoRaTxPacket)
    sx1276_7_8_Sleep                         0x0800517d   Thumb Code     8  sx1276_7_8.o(i.sx1276_7_8_Sleep)
    sx1276_7_8_Standby                       0x08005185   Thumb Code     8  sx1276_7_8.o(i.sx1276_7_8_Standby)
    sx1276_7_8FreqTbl                        0x080051ba   Data           3  sx1276_7_8.o(.constdata)
    sx1276_7_8PowerTbl                       0x080051bd   Data           4  sx1276_7_8.o(.constdata)
    sx1276_7_8SpreadFactorTbl                0x080051c1   Data           7  sx1276_7_8.o(.constdata)
    sx1276_7_8LoRaBwTbl                      0x080051c8   Data          10  sx1276_7_8.o(.constdata)
    AHBPrescTable                            0x080051d2   Data          16  system_stm32f1xx.o(.constdata)
    APBPrescTable                            0x080051e2   Data           8  system_stm32f1xx.o(.constdata)
    __mathlib_zero                           0x08005278   Data           8  qnan.o(.constdata)
    Region$$Table$$Base                      0x08005280   Number         0  anon$$obj.o(Region$$Table)
    Region$$Table$$Limit                     0x080052a0   Number         0  anon$$obj.o(Region$$Table)
    check                                    0x20000000   Data           1  main.o(.data)
    Rh_byte1                                 0x20000001   Data           1  main.o(.data)
    Rh_byte2                                 0x20000002   Data           1  main.o(.data)
    Temp_byte1                               0x20000003   Data           1  main.o(.data)
    Temp_byte2                               0x20000004   Data           1  main.o(.data)
    touch                                    0x20000005   Data           1  main.o(.data)
    adcResult                                0x20000006   Data           2  main.o(.data)
    sum                                      0x20000008   Data           2  main.o(.data)
    RH                                       0x2000000a   Data           2  main.o(.data)
    TEMP                                     0x2000000c   Data           2  main.o(.data)
    size                                     0x2000000e   Data           2  main.o(.data)
    t                                        0x20000010   Data           4  main.o(.data)
    r                                        0x20000014   Data           4  main.o(.data)
    altitude                                 0x20000018   Data           4  main.o(.data)
    pressure                                 0x2000001c   Data           4  main.o(.data)
    p                                        0x20000020   Data           4  main.o(.data)
    temperature                              0x20000024   Data           4  main.o(.data)
    humidity                                 0x20000028   Data           4  main.o(.data)
    lumen                                    0x2000002c   Data           4  main.o(.data)
    mode                                     0x20000030   Data           1  mainapp.o(.data)
    Freq_Sel                                 0x20000031   Data           1  mainapp.o(.data)
    Power_Sel                                0x20000032   Data           1  mainapp.o(.data)
    Lora_Rate_Sel                            0x20000033   Data           1  mainapp.o(.data)
    BandWide_Sel                             0x20000034   Data           1  mainapp.o(.data)
    Fsk_Rate_Sel                             0x20000035   Data           1  mainapp.o(.data)
    key1_count                               0x20000036   Data           1  mainapp.o(.data)
    operation_flag                           0x20000037   Data           1  mainapp.o(.data)
    SysTime                                  0x20000038   Data           2  mainapp.o(.data)
    sx1276_7_8Data                           0x2000003a   Data          64  sx1276_7_8.o(.data)
    uwTickFreq                               0x2000007c   Data           1  stm32f1xx_hal.o(.data)
    uwTickPrio                               0x20000080   Data           4  stm32f1xx_hal.o(.data)
    uwTick                                   0x20000084   Data           4  stm32f1xx_hal.o(.data)
    SystemCoreClock                          0x20000088   Data           4  system_stm32f1xx.o(.data)
    hadc1                                    0x20000090   Data          48  main.o(.bss)
    hi2c1                                    0x200000c0   Data          84  main.o(.bss)
    hspi1                                    0x20000114   Data          88  main.o(.bss)
    htim1                                    0x2000016c   Data          64  main.o(.bss)
    huart1                                   0x200001ac   Data          64  main.o(.bss)
    Data                                     0x200001ec   Data          25  main.o(.bss)
    buff                                     0x20000205   Data         100  main.o(.bss)
    GPIO_InitStruct                          0x2000026c   Data          16  main.o(.bss)
    bmp280                                   0x2000027c   Data          52  main.o(.bss)
    __initial_sp                             0x200006b0   Data           0  startup_stm32f103xb.o(STACK)



==============================================================================

Memory Map of the image

  Image Entry point : 0x080000ed

  Load Region LR_IROM1 (Base: 0x08000000, Size: 0x00005330, Max: 0x00010000, ABSOLUTE)

    Execution Region ER_IROM1 (Exec base: 0x08000000, Load base: 0x08000000, Size: 0x000052a0, Max: 0x00010000, ABSOLUTE)

    Exec Addr    Load Addr    Size         Type   Attr      Idx    E Section Name        Object

    0x08000000   0x08000000   0x000000ec   Data   RO            3    RESET               startup_stm32f103xb.o
    0x080000ec   0x080000ec   0x00000000   Code   RO         3849  * .ARM.Collect$$$$00000000  mc_w.l(entry.o)
    0x080000ec   0x080000ec   0x00000004   Code   RO         4164    .ARM.Collect$$$$00000001  mc_w.l(entry2.o)
    0x080000f0   0x080000f0   0x00000004   Code   RO         4167    .ARM.Collect$$$$00000004  mc_w.l(entry5.o)
    0x080000f4   0x080000f4   0x00000000   Code   RO         4169    .ARM.Collect$$$$00000008  mc_w.l(entry7b.o)
    0x080000f4   0x080000f4   0x00000000   Code   RO         4171    .ARM.Collect$$$$0000000A  mc_w.l(entry8b.o)
    0x080000f4   0x080000f4   0x00000008   Code   RO         4172    .ARM.Collect$$$$0000000B  mc_w.l(entry9a.o)
    0x080000fc   0x080000fc   0x00000000   Code   RO         4174    .ARM.Collect$$$$0000000D  mc_w.l(entry10a.o)
    0x080000fc   0x080000fc   0x00000000   Code   RO         4176    .ARM.Collect$$$$0000000F  mc_w.l(entry11a.o)
    0x080000fc   0x080000fc   0x00000004   Code   RO         4165    .ARM.Collect$$$$00002712  mc_w.l(entry2.o)
    0x08000100   0x08000100   0x00000024   Code   RO            4    .text               startup_stm32f103xb.o
    0x08000124   0x08000124   0x00000062   Code   RO         3852    .text               mc_w.l(ldiv.o)
    0x08000186   0x08000186   0x00000020   Code   RO         3854    .text               mc_w.l(llushr.o)
    0x080001a6   0x080001a6   0x0000007c   Code   RO         4117    .text               mf_w.l(fdiv.o)
    0x08000222   0x08000222   0x00000018   Code   RO         4119    .text               mf_w.l(fscalb.o)
    0x0800023a   0x0800023a   0x0000014e   Code   RO         4121    .text               mf_w.l(dadd.o)
    0x08000388   0x08000388   0x000000e4   Code   RO         4123    .text               mf_w.l(dmul.o)
    0x0800046c   0x0800046c   0x000000de   Code   RO         4125    .text               mf_w.l(ddiv.o)
    0x0800054a   0x0800054a   0x00000012   Code   RO         4127    .text               mf_w.l(fflti.o)
    0x0800055c   0x0800055c   0x0000000a   Code   RO         4129    .text               mf_w.l(ffltui.o)
    0x08000566   0x08000566   0x0000001a   Code   RO         4131    .text               mf_w.l(dfltui.o)
    0x08000580   0x08000580   0x00000026   Code   RO         4133    .text               mf_w.l(f2d.o)
    0x080005a6   0x080005a6   0x00000038   Code   RO         4135    .text               mf_w.l(d2f.o)
    0x080005de   0x080005de   0x0000002c   Code   RO         4181    .text               mc_w.l(uidiv.o)
    0x0800060a   0x0800060a   0x00000062   Code   RO         4183    .text               mc_w.l(uldiv.o)
    0x0800066c   0x0800066c   0x0000001e   Code   RO         4185    .text               mc_w.l(llshl.o)
    0x0800068a   0x0800068a   0x00000024   Code   RO         4187    .text               mc_w.l(llsshr.o)
    0x080006ae   0x080006ae   0x00000000   Code   RO         4196    .text               mc_w.l(iusefp.o)
    0x080006ae   0x080006ae   0x0000006e   Code   RO         4197    .text               mf_w.l(fepilogue.o)
    0x0800071c   0x0800071c   0x000000ba   Code   RO         4199    .text               mf_w.l(depilogue.o)
    0x080007d6   0x080007d6   0x0000002e   Code   RO         4201    .text               mf_w.l(dscalb.o)
    0x08000804   0x08000804   0x00000022   Code   RO         4203    .text               mf_w.l(dflti.o)
    0x08000826   0x08000826   0x00000030   Code   RO         4205    .text               mf_w.l(dfixul.o)
    0x08000856   0x08000856   0x00000002   PAD
    0x08000858   0x08000858   0x00000030   Code   RO         4207    .text               mf_w.l(cdrcmple.o)
    0x08000888   0x08000888   0x00000024   Code   RO         4209    .text               mc_w.l(init.o)
    0x080008ac   0x080008ac   0x000000a2   Code   RO         4213    .text               mf_w.l(dsqrt.o)
    0x0800094e   0x0800094e   0x00000002   PAD
    0x08000950   0x08000950   0x0000004c   Code   RO         1898    i.ADC_ConversionStop_Disable  stm32f1xx_hal_adc.o
    0x0800099c   0x0800099c   0x00000070   Code   RO         1902    i.ADC_Enable        stm32f1xx_hal_adc.o
    0x08000a0c   0x08000a0c   0x0000004c   Code   RO          438    i.BurstWrite        spi.o
    0x08000a58   0x08000a58   0x00000002   Code   RO           13    i.BusFault_Handler  stm32f1xx_it.o
    0x08000a5a   0x08000a5a   0x00000002   PAD
    0x08000a5c   0x08000a5c   0x00000038   Code   RO          266    i.DHT22_start       main.o
    0x08000a94   0x08000a94   0x00000002   Code   RO           14    i.DebugMon_Handler  stm32f1xx_it.o
    0x08000a96   0x08000a96   0x00000002   PAD
    0x08000a98   0x08000a98   0x000000fc   Code   RO         1904    i.HAL_ADC_ConfigChannel  stm32f1xx_hal_adc.o
    0x08000b94   0x08000b94   0x00000006   Code   RO         1911    i.HAL_ADC_GetValue  stm32f1xx_hal_adc.o
    0x08000b9a   0x08000b9a   0x00000002   PAD
    0x08000b9c   0x08000b9c   0x0000011c   Code   RO         1913    i.HAL_ADC_Init      stm32f1xx_hal_adc.o
    0x08000cb8   0x08000cb8   0x00000040   Code   RO          183    i.HAL_ADC_MspInit   stm32f1xx_hal_msp.o
    0x08000cf8   0x08000cf8   0x00000130   Code   RO         1917    i.HAL_ADC_PollForConversion  stm32f1xx_hal_adc.o
    0x08000e28   0x08000e28   0x000000c0   Code   RO         1919    i.HAL_ADC_Start     stm32f1xx_hal_adc.o
    0x08000ee8   0x08000ee8   0x00000034   Code   RO         1922    i.HAL_ADC_Stop      stm32f1xx_hal_adc.o
    0x08000f1c   0x08000f1c   0x00000024   Code   RO         1343    i.HAL_Delay         stm32f1xx_hal.o
    0x08000f40   0x08000f40   0x000001bc   Code   RO         1835    i.HAL_GPIO_Init     stm32f1xx_hal_gpio.o
    0x080010fc   0x080010fc   0x0000000a   Code   RO         1837    i.HAL_GPIO_ReadPin  stm32f1xx_hal_gpio.o
    0x08001106   0x08001106   0x0000000a   Code   RO         1839    i.HAL_GPIO_WritePin  stm32f1xx_hal_gpio.o
    0x08001110   0x08001110   0x0000000c   Code   RO         1347    i.HAL_GetTick       stm32f1xx_hal.o
    0x0800111c   0x0800111c   0x00000140   Code   RO         3417    i.HAL_I2C_Init      stm32f1xx_hal_i2c.o
    0x0800125c   0x0800125c   0x00000220   Code   RO         3433    i.HAL_I2C_Mem_Read  stm32f1xx_hal_i2c.o
    0x0800147c   0x0800147c   0x0000013c   Code   RO         3436    i.HAL_I2C_Mem_Write  stm32f1xx_hal_i2c.o
    0x080015b8   0x080015b8   0x00000044   Code   RO          185    i.HAL_I2C_MspInit   stm32f1xx_hal_msp.o
    0x080015fc   0x080015fc   0x00000010   Code   RO         1351    i.HAL_IncTick       stm32f1xx_hal.o
    0x0800160c   0x0800160c   0x00000024   Code   RO         1352    i.HAL_Init          stm32f1xx_hal.o
    0x08001630   0x08001630   0x00000040   Code   RO         1353    i.HAL_InitTick      stm32f1xx_hal.o
    0x08001670   0x08001670   0x00000080   Code   RO          186    i.HAL_MspInit       stm32f1xx_hal_msp.o
    0x080016f0   0x080016f0   0x00000040   Code   RO         1723    i.HAL_NVIC_SetPriority  stm32f1xx_hal_cortex.o
    0x08001730   0x08001730   0x00000024   Code   RO         1724    i.HAL_NVIC_SetPriorityGrouping  stm32f1xx_hal_cortex.o
    0x08001754   0x08001754   0x000000c8   Code   RO         2734    i.HAL_RCCEx_GetPeriphCLKFreq  stm32f1xx_hal_rcc_ex.o
    0x0800181c   0x0800181c   0x000000ec   Code   RO         2735    i.HAL_RCCEx_PeriphCLKConfig  stm32f1xx_hal_rcc_ex.o
    0x08001908   0x08001908   0x00000154   Code   RO         2770    i.HAL_RCC_ClockConfig  stm32f1xx_hal_rcc.o
    0x08001a5c   0x08001a5c   0x0000000c   Code   RO         2775    i.HAL_RCC_GetHCLKFreq  stm32f1xx_hal_rcc.o
    0x08001a68   0x08001a68   0x00000020   Code   RO         2777    i.HAL_RCC_GetPCLK1Freq  stm32f1xx_hal_rcc.o
    0x08001a88   0x08001a88   0x00000020   Code   RO         2778    i.HAL_RCC_GetPCLK2Freq  stm32f1xx_hal_rcc.o
    0x08001aa8   0x08001aa8   0x0000006c   Code   RO         2779    i.HAL_RCC_GetSysClockFreq  stm32f1xx_hal_rcc.o
    0x08001b14   0x08001b14   0x00000304   Code   RO         2782    i.HAL_RCC_OscConfig  stm32f1xx_hal_rcc.o
    0x08001e18   0x08001e18   0x00000082   Code   RO         3382    i.HAL_SPI_Init      stm32f1xx_hal_spi_ex.o
    0x08001e9a   0x08001e9a   0x00000002   PAD
    0x08001e9c   0x08001e9c   0x00000058   Code   RO          188    i.HAL_SPI_MspInit   stm32f1xx_hal_msp.o
    0x08001ef4   0x08001ef4   0x00000150   Code   RO         3073    i.HAL_SPI_Receive   stm32f1xx_hal_spi.o
    0x08002044   0x08002044   0x00000168   Code   RO         3078    i.HAL_SPI_Transmit  stm32f1xx_hal_spi.o
    0x080021ac   0x080021ac   0x000001d8   Code   RO         3079    i.HAL_SPI_TransmitReceive  stm32f1xx_hal_spi.o
    0x08002384   0x08002384   0x00000018   Code   RO         1726    i.HAL_SYSTICK_CLKSourceConfig  stm32f1xx_hal_cortex.o
    0x0800239c   0x0800239c   0x00000002   Code   RO         1727    i.HAL_SYSTICK_Callback  stm32f1xx_hal_cortex.o
    0x0800239e   0x0800239e   0x00000028   Code   RO         1728    i.HAL_SYSTICK_Config  stm32f1xx_hal_cortex.o
    0x080023c6   0x080023c6   0x00000008   Code   RO         1729    i.HAL_SYSTICK_IRQHandler  stm32f1xx_hal_cortex.o
    0x080023ce   0x080023ce   0x00000050   Code   RO         2095    i.HAL_TIMEx_MasterConfigSynchronization  stm32f1xx_hal_tim_ex.o
    0x0800241e   0x0800241e   0x00000036   Code   RO          707    i.HAL_TIM_Base_Init  stm32f1xx_hal_tim.o
    0x08002454   0x08002454   0x00000028   Code   RO          190    i.HAL_TIM_Base_MspInit  stm32f1xx_hal_msp.o
    0x0800247c   0x0800247c   0x0000001a   Code   RO          710    i.HAL_TIM_Base_Start  stm32f1xx_hal_tim.o
    0x08002496   0x08002496   0x000000f2   Code   RO          716    i.HAL_TIM_ConfigClockSource  stm32f1xx_hal_tim.o
    0x08002588   0x08002588   0x00000062   Code   RO         2432    i.HAL_UART_Init     stm32f1xx_hal_uart.o
    0x080025ea   0x080025ea   0x00000002   PAD
    0x080025ec   0x080025ec   0x00000058   Code   RO          192    i.HAL_UART_MspInit  stm32f1xx_hal_msp.o
    0x08002644   0x08002644   0x000000ba   Code   RO         2440    i.HAL_UART_Transmit  stm32f1xx_hal_uart.o
    0x080026fe   0x080026fe   0x00000002   Code   RO           15    i.HardFault_Handler  stm32f1xx_it.o
    0x08002700   0x08002700   0x00000028   Code   RO         3455    i.I2C_IsAcknowledgeFailed  stm32f1xx_hal_i2c.o
    0x08002728   0x08002728   0x000000f0   Code   RO         3464    i.I2C_RequestMemoryRead  stm32f1xx_hal_i2c.o
    0x08002818   0x08002818   0x000000a0   Code   RO         3465    i.I2C_RequestMemoryWrite  stm32f1xx_hal_i2c.o
    0x080028b8   0x080028b8   0x0000004e   Code   RO         3468    i.I2C_WaitOnBTFFlagUntilTimeout  stm32f1xx_hal_i2c.o
    0x08002906   0x08002906   0x00000060   Code   RO         3469    i.I2C_WaitOnFlagUntilTimeout  stm32f1xx_hal_i2c.o
    0x08002966   0x08002966   0x00000002   PAD
    0x08002968   0x08002968   0x00000088   Code   RO         3470    i.I2C_WaitOnMasterAddressFlagUntilTimeout  stm32f1xx_hal_i2c.o
    0x080029f0   0x080029f0   0x00000062   Code   RO         3471    i.I2C_WaitOnRXNEFlagUntilTimeout  stm32f1xx_hal_i2c.o
    0x08002a52   0x08002a52   0x0000004e   Code   RO         3472    i.I2C_WaitOnTXEFlagUntilTimeout  stm32f1xx_hal_i2c.o
    0x08002aa0   0x08002aa0   0x00000038   Code   RO          267    i.MX_ADC1_Init      main.o
    0x08002ad8   0x08002ad8   0x000000a8   Code   RO          268    i.MX_GPIO_Init      main.o
    0x08002b80   0x08002b80   0x00000030   Code   RO          269    i.MX_I2C1_Init      main.o
    0x08002bb0   0x08002bb0   0x00000038   Code   RO          270    i.MX_SPI1_Init      main.o
    0x08002be8   0x08002be8   0x00000048   Code   RO          271    i.MX_TIM1_Init      main.o
    0x08002c30   0x08002c30   0x00000002   Code   RO           16    i.MemManage_Handler  stm32f1xx_it.o
    0x08002c32   0x08002c32   0x00000002   Code   RO           17    i.NMI_Handler       stm32f1xx_it.o
    0x08002c34   0x08002c34   0x00000020   Code   RO         1730    i.NVIC_SetPriority  stm32f1xx_hal_cortex.o
    0x08002c54   0x08002c54   0x00000002   Code   RO           18    i.PendSV_Handler    stm32f1xx_it.o
    0x08002c56   0x08002c56   0x00000002   PAD
    0x08002c58   0x08002c58   0x00000024   Code   RO          440    i.SPICmd8bit        spi.o
    0x08002c7c   0x08002c7c   0x00000020   Code   RO          441    i.SPIRead           spi.o
    0x08002c9c   0x08002c9c   0x0000002c   Code   RO          442    i.SPIRead8bit       spi.o
    0x08002cc8   0x08002cc8   0x00000034   Code   RO          443    i.SPIWrite          spi.o
    0x08002cfc   0x08002cfc   0x00000020   Code   RO         3094    i.SPI_CheckFlag_BSY  stm32f1xx_hal_spi.o
    0x08002d1c   0x08002d1c   0x00000096   Code   RO         3113    i.SPI_WaitFlagStateUntilTimeout  stm32f1xx_hal_spi.o
    0x08002db2   0x08002db2   0x00000002   Code   RO           19    i.SVC_Handler       stm32f1xx_it.o
    0x08002db4   0x08002db4   0x0000000e   Code   RO           20    i.SysTick_Handler   stm32f1xx_it.o
    0x08002dc2   0x08002dc2   0x0000006a   Code   RO          272    i.SystemClock_Config  main.o
    0x08002e2c   0x08002e2c   0x00000048   Code   RO         3805    i.SystemInit        system_stm32f1xx.o
    0x08002e74   0x08002e74   0x0000006c   Code   RO          791    i.TIM_Base_SetConfig  stm32f1xx_hal_tim.o
    0x08002ee0   0x08002ee0   0x00000014   Code   RO          798    i.TIM_ETR_SetConfig  stm32f1xx_hal_tim.o
    0x08002ef4   0x08002ef4   0x00000010   Code   RO          799    i.TIM_ITRx_SetConfig  stm32f1xx_hal_tim.o
    0x08002f04   0x08002f04   0x00000022   Code   RO          805    i.TIM_TI1_ConfigInputStage  stm32f1xx_hal_tim.o
    0x08002f26   0x08002f26   0x00000024   Code   RO          807    i.TIM_TI2_ConfigInputStage  stm32f1xx_hal_tim.o
    0x08002f4a   0x08002f4a   0x00000002   PAD
    0x08002f4c   0x08002f4c   0x00000170   Code   RO         2458    i.UART_SetConfig    stm32f1xx_hal_uart.o
    0x080030bc   0x080030bc   0x00000064   Code   RO         2460    i.UART_WaitOnFlagUntilTimeout  stm32f1xx_hal_uart.o
    0x08003120   0x08003120   0x00000002   Code   RO           21    i.UsageFault_Handler  stm32f1xx_it.o
    0x08003122   0x08003122   0x00000002   PAD
    0x08003124   0x08003124   0x00000028   Code   RO         4091    i.__0sprintf        mc_w.l(printfa.o)
    0x0800314c   0x0800314c   0x00000028   Code   RO         4151    i.__ARM_fpclassify  m_ws.l(fpclassify.o)
    0x08003174   0x08003174   0x000000aa   Code   RO         4153    i.__kernel_poly     m_ws.l(poly.o)
    0x0800321e   0x0800321e   0x00000002   PAD
    0x08003220   0x08003220   0x00000010   Code   RO         4137    i.__mathlib_dbl_divzero  m_ws.l(dunder.o)
    0x08003230   0x08003230   0x00000004   Code   RO         4139    i.__mathlib_dbl_infnan2  m_ws.l(dunder.o)
    0x08003234   0x08003234   0x0000000c   Code   RO         4140    i.__mathlib_dbl_invalid  m_ws.l(dunder.o)
    0x08003240   0x08003240   0x0000000e   Code   RO         4141    i.__mathlib_dbl_overflow  m_ws.l(dunder.o)
    0x0800324e   0x0800324e   0x00000002   PAD
    0x08003250   0x08003250   0x00000010   Code   RO         4143    i.__mathlib_dbl_underflow  m_ws.l(dunder.o)
    0x08003260   0x08003260   0x0000000e   Code   RO         4219    i.__scatterload_copy  mc_w.l(handlers.o)
    0x0800326e   0x0800326e   0x00000002   Code   RO         4220    i.__scatterload_null  mc_w.l(handlers.o)
    0x08003270   0x08003270   0x0000000e   Code   RO         4221    i.__scatterload_zeroinit  mc_w.l(handlers.o)
    0x0800327e   0x0800327e   0x00000002   PAD
    0x08003280   0x08003280   0x0000000c   Code   RO         4191    i.__set_errno       mc_w.l(errno.o)
    0x0800328c   0x0800328c   0x00000184   Code   RO         4096    i._fp_digits        mc_w.l(printfa.o)
    0x08003410   0x08003410   0x000006dc   Code   RO         4097    i._printf_core      mc_w.l(printfa.o)
    0x08003aec   0x08003aec   0x00000024   Code   RO         4098    i._printf_post_padding  mc_w.l(printfa.o)
    0x08003b10   0x08003b10   0x0000002e   Code   RO         4099    i._printf_pre_padding  mc_w.l(printfa.o)
    0x08003b3e   0x08003b3e   0x0000000a   Code   RO         4101    i._sputc            mc_w.l(printfa.o)
    0x08003b48   0x08003b48   0x000000c8   Code   RO          586    i.bmp280_init       bmp280.o
    0x08003c10   0x08003c10   0x00000012   Code   RO          587    i.bmp280_init_default_params  bmp280.o
    0x08003c22   0x08003c22   0x0000010e   Code   RO          589    i.bmp280_read_fixed  bmp280.o
    0x08003d30   0x08003d30   0x00000054   Code   RO          590    i.bmp280_read_float  bmp280.o
    0x08003d84   0x08003d84   0x00000044   Code   RO          274    i.check_response    main.o
    0x08003dc8   0x08003dc8   0x0000015c   Code   RO          591    i.compensate_pressure  bmp280.o
    0x08003f24   0x08003f24   0x00000018   Code   RO          275    i.delay_us          main.o
    0x08003f3c   0x08003f3c   0x00000360   Code   RO          276    i.main              main.o
    0x0800429c   0x0800429c   0x00000074   Code   RO          395    i.mainApp           mainapp.o
    0x08004310   0x08004310   0x00000014   Code   RO          277    i.map               main.o
    0x08004324   0x08004324   0x000009d8   Code   RO         3840    i.pow               m_ws.l(pow.o)
    0x08004cfc   0x08004cfc   0x000000b0   Code   RO          592    i.read_calibration_data  bmp280.o
    0x08004dac   0x08004dac   0x0000005c   Code   RO          278    i.read_data         main.o
    0x08004e08   0x08004e08   0x0000002a   Code   RO          593    i.read_data         bmp280.o
    0x08004e32   0x08004e32   0x00000078   Code   RO          594    i.read_hum_calibration_data  bmp280.o
    0x08004eaa   0x08004eaa   0x00000038   Code   RO          595    i.read_register16   bmp280.o
    0x08004ee2   0x08004ee2   0x00000002   PAD
    0x08004ee4   0x08004ee4   0x00000020   Code   RO          279    i.set_gpio_input    main.o
    0x08004f04   0x08004f04   0x00000020   Code   RO          280    i.set_gpio_output   main.o
    0x08004f24   0x08004f24   0x0000004c   Code   RO         4157    i.sqrt              m_ws.l(sqrt.o)
    0x08004f70   0x08004f70   0x000000f0   Code   RO          491    i.sx1276_7_8_Config  sx1276_7_8.o
    0x08005060   0x08005060   0x00000008   Code   RO          492    i.sx1276_7_8_EntryLoRa  sx1276_7_8.o
    0x08005068   0x08005068   0x00000008   Code   RO          493    i.sx1276_7_8_LoRaClearIrq  sx1276_7_8.o
    0x08005070   0x08005070   0x00000070   Code   RO          494    i.sx1276_7_8_LoRaEntryRx  sx1276_7_8.o
    0x080050e0   0x080050e0   0x00000060   Code   RO          495    i.sx1276_7_8_LoRaEntryTx  sx1276_7_8.o
    0x08005140   0x08005140   0x0000003c   Code   RO          498    i.sx1276_7_8_LoRaTxPacket  sx1276_7_8.o
    0x0800517c   0x0800517c   0x00000008   Code   RO          500    i.sx1276_7_8_Sleep  sx1276_7_8.o
    0x08005184   0x08005184   0x00000008   Code   RO          501    i.sx1276_7_8_Standby  sx1276_7_8.o
    0x0800518c   0x0800518c   0x0000002e   Code   RO          596    i.write_register8   bmp280.o
    0x080051ba   0x080051ba   0x00000018   Data   RO          504    .constdata          sx1276_7_8.o
    0x080051d2   0x080051d2   0x00000010   Data   RO         3806    .constdata          system_stm32f1xx.o
    0x080051e2   0x080051e2   0x00000008   Data   RO         3807    .constdata          system_stm32f1xx.o
    0x080051ea   0x080051ea   0x00000006   PAD
    0x080051f0   0x080051f0   0x00000088   Data   RO         3841    .constdata          m_ws.l(pow.o)
    0x08005278   0x08005278   0x00000008   Data   RO         4155    .constdata          m_ws.l(qnan.o)
    0x08005280   0x08005280   0x00000020   Data   RO         4217    Region$$Table       anon$$obj.o


    Execution Region RW_IRAM1 (Exec base: 0x20000000, Load base: 0x080052a0, Size: 0x000006b0, Max: 0x00005000, ABSOLUTE)

    Exec Addr    Load Addr    Size         Type   Attr      Idx    E Section Name        Object

    0x20000000   0x080052a0   0x00000030   Data   RW          282    .data               main.o
    0x20000030   0x080052d0   0x0000000a   Data   RW          398    .data               mainapp.o
    0x2000003a   0x080052da   0x00000040   Data   RW          505    .data               sx1276_7_8.o
    0x2000007a   0x0800531a   0x00000002   PAD
    0x2000007c   0x0800531c   0x0000000c   Data   RW         1359    .data               stm32f1xx_hal.o
    0x20000088   0x08005328   0x00000004   Data   RW         3808    .data               system_stm32f1xx.o
    0x2000008c   0x0800532c   0x00000004   Data   RW         4192    .data               mc_w.l(errno.o)
    0x20000090        -       0x00000220   Zero   RW          281    .bss                main.o
    0x200002b0        -       0x00000400   Zero   RW            1    STACK               startup_stm32f103xb.o


==============================================================================

Image component sizes


      Code (inc. data)   RO Data    RW Data    ZI Data      Debug   Object Name

      1360         10          0          0          0       8299   bmp280.o
      1694        318          0         48        544      11992   main.o
       116         12          0         10          0       1742   mainapp.o
       240         36          0          0          0       3019   spi.o
        36          8        236          0       1024        816   startup_stm32f103xb.o
       164         28          0         12          0       3945   stm32f1xx_hal.o
      1278         54          0          0          0       7343   stm32f1xx_hal_adc.o
       206         14          0          0          0      26876   stm32f1xx_hal_cortex.o
       464         36          0          0          0       3567   stm32f1xx_hal_gpio.o
      2106         46          0          0          0      12794   stm32f1xx_hal_i2c.o
       476         74          0          0          0       4090   stm32f1xx_hal_msp.o
      1296        104          0          0          0       5752   stm32f1xx_hal_rcc.o
       436         46          0          0          0       2577   stm32f1xx_hal_rcc_ex.o
      1350          0          0          0          0       6151   stm32f1xx_hal_spi.o
       130          0          0          0          0       1095   stm32f1xx_hal_spi_ex.o
       536         14          0          0          0       6562   stm32f1xx_hal_tim.o
        80          0          0          0          0       1304   stm32f1xx_hal_tim_ex.o
       752          4          0          0          0       3988   stm32f1xx_hal_uart.o
        30          0          0          0          0     465334   stm32f1xx_it.o
       540         40         24         64          0       5037   sx1276_7_8.o
        72         16         24          4          0       1199   system_stm32f1xx.o

    ----------------------------------------------------------------------
     13382        860        322        140       1568     583482   Object Totals
         0          0         32          0          0          0   (incl. Generated)
        20          0          6          2          0          0   (incl. Padding)

    ----------------------------------------------------------------------

      Code (inc. data)   RO Data    RW Data    ZI Data      Debug   Library Member Name

        62         10          0          0          0        340   dunder.o
        40          0          0          0          0         68   fpclassify.o
       170          0          0          0          0         96   poly.o
      2520        190        136          0          0        324   pow.o
         0          0          8          0          0          0   qnan.o
        76          0          0          0          0         84   sqrt.o
         0          0          0          0          0          0   entry.o
         0          0          0          0          0          0   entry10a.o
         0          0          0          0          0          0   entry11a.o
         8          4          0          0          0          0   entry2.o
         4          0          0          0          0          0   entry5.o
         0          0          0          0          0          0   entry7b.o
         0          0          0          0          0          0   entry8b.o
         8          4          0          0          0          0   entry9a.o
        12          6          0          4          0         68   errno.o
        30          0          0          0          0          0   handlers.o
        36          8          0          0          0         68   init.o
         0          0          0          0          0          0   iusefp.o
        98          0          0          0          0         84   ldiv.o
        30          0          0          0          0         68   llshl.o
        36          0          0          0          0         68   llsshr.o
        32          0          0          0          0         68   llushr.o
      2276         86          0          0          0        520   printfa.o
        44          0          0          0          0         80   uidiv.o
        98          0          0          0          0         92   uldiv.o
        48          0          0          0          0         68   cdrcmple.o
        56          0          0          0          0         88   d2f.o
       334          0          0          0          0        148   dadd.o
       222          0          0          0          0        100   ddiv.o
       186          0          0          0          0        176   depilogue.o
        48          0          0          0          0         68   dfixul.o
        34          0          0          0          0         76   dflti.o
        26          0          0          0          0         76   dfltui.o
       228          0          0          0          0         96   dmul.o
        46          0          0          0          0         80   dscalb.o
       162          0          0          0          0        100   dsqrt.o
        38          0          0          0          0         68   f2d.o
       124          0          0          0          0         88   fdiv.o
       110          0          0          0          0        168   fepilogue.o
        18          0          0          0          0         68   fflti.o
        10          0          0          0          0         68   ffltui.o
        24          0          0          0          0         68   fscalb.o

    ----------------------------------------------------------------------
      7304        308        144          4          0       3632   Library Totals
        10          0          0          0          0          0   (incl. Padding)

    ----------------------------------------------------------------------

      Code (inc. data)   RO Data    RW Data    ZI Data      Debug   Library Name

      2868        200        144          0          0        912   m_ws.l
      2712        108          0          4          0       1116   mc_w.l
      1714          0          0          0          0       1604   mf_w.l

    ----------------------------------------------------------------------
      7304        308        144          4          0       3632   Library Totals

    ----------------------------------------------------------------------

==============================================================================


      Code (inc. data)   RO Data    RW Data    ZI Data      Debug   

     20686       1168        466        144       1568     579518   Grand Totals
     20686       1168        466        144       1568     579518   ELF Image Totals
     20686       1168        466        144          0          0   ROM Totals

==============================================================================

    Total RO  Size (Code + RO Data)                21152 (  20.66kB)
    Total RW  Size (RW Data + ZI Data)              1712 (   1.67kB)
    Total ROM Size (Code + RO Data + RW Data)      21296 (  20.80kB)

==============================================================================

